# Path: build/mpy-cross
# Arch: x86_64
# Object files:
[  0] linker synthesized
[  1] build/py/mpstate.o
[  2] build/py/nlr.o
[  3] build/py/nlrx86.o
[  4] build/py/nlrx64.o
[  5] build/py/nlrthumb.o
[  6] build/py/nlraarch64.o
[  7] build/py/nlrmips.o
[  8] build/py/nlrpowerpc.o
[  9] build/py/nlrxtensa.o
[ 10] build/py/nlrrv32.o
[ 11] build/py/nlrrv64.o
[ 12] build/py/nlrsetjmp.o
[ 13] build/py/malloc.o
[ 14] build/py/gc.o
[ 15] build/py/pystack.o
[ 16] build/py/qstr.o
[ 17] build/py/vstr.o
[ 18] build/py/mpprint.o
[ 19] build/py/unicode.o
[ 20] build/py/mpz.o
[ 21] build/py/reader.o
[ 22] build/py/lexer.o
[ 23] build/py/parse.o
[ 24] build/py/scope.o
[ 25] build/py/compile.o
[ 26] build/py/emitcommon.o
[ 27] build/py/emitbc.o
[ 28] build/py/asmbase.o
[ 29] build/py/asmx64.o
[ 30] build/py/emitnx64.o
[ 31] build/py/asmx86.o
[ 32] build/py/emitnx86.o
[ 33] build/py/asmthumb.o
[ 34] build/py/emitnthumb.o
[ 35] build/py/emitinlinethumb.o
[ 36] build/py/asmarm.o
[ 37] build/py/emitnarm.o
[ 38] build/py/asmxtensa.o
[ 39] build/py/emitnxtensa.o
[ 40] build/py/emitinlinextensa.o
[ 41] build/py/emitnxtensawin.o
[ 42] build/py/asmrv32.o
[ 43] build/py/emitnrv32.o
[ 44] build/py/emitinlinerv32.o
[ 45] build/py/emitndebug.o
[ 46] build/py/formatfloat.o
[ 47] build/py/parsenumbase.o
[ 48] build/py/parsenum.o
[ 49] build/py/emitglue.o
[ 50] build/py/persistentcode.o
[ 51] build/py/runtime.o
[ 52] build/py/runtime_utils.o
[ 53] build/py/scheduler.o
[ 54] build/py/nativeglue.o
[ 55] build/py/pairheap.o
[ 56] build/py/ringbuf.o
[ 57] build/py/cstack.o
[ 58] build/py/stackctrl.o
[ 59] build/py/argcheck.o
[ 60] build/py/warning.o
[ 61] build/py/profile.o
[ 62] build/py/map.o
[ 63] build/py/obj.o
[ 64] build/py/objarray.o
[ 65] build/py/objattrtuple.o
[ 66] build/py/objbool.o
[ 67] build/py/objboundmeth.o
[ 68] build/py/objcell.o
[ 69] build/py/objclosure.o
[ 70] build/py/objcode.o
[ 71] build/py/objcomplex.o
[ 72] build/py/objdeque.o
[ 73] build/py/objdict.o
[ 74] build/py/objenumerate.o
[ 75] build/py/objexcept.o
[ 76] build/py/objfilter.o
[ 77] build/py/objfloat.o
[ 78] build/py/objfun.o
[ 79] build/py/objgenerator.o
[ 80] build/py/objgetitemiter.o
[ 81] build/py/objint.o
[ 82] build/py/objint_longlong.o
[ 83] build/py/objint_mpz.o
[ 84] build/py/objlist.o
[ 85] build/py/objmap.o
[ 86] build/py/objmodule.o
[ 87] build/py/objobject.o
[ 88] build/py/objpolyiter.o
[ 89] build/py/objproperty.o
[ 90] build/py/objnone.o
[ 91] build/py/objnamedtuple.o
[ 92] build/py/objrange.o
[ 93] build/py/objreversed.o
[ 94] build/py/objringio.o
[ 95] build/py/objset.o
[ 96] build/py/objsingleton.o
[ 97] build/py/objslice.o
[ 98] build/py/objstr.o
[ 99] build/py/objstrunicode.o
[100] build/py/objstringio.o
[101] build/py/objtuple.o
[102] build/py/objtype.o
[103] build/py/objzip.o
[104] build/py/opmethods.o
[105] build/py/sequence.o
[106] build/py/stream.o
[107] build/py/binary.o
[108] build/py/builtinimport.o
[109] build/py/builtinevex.o
[110] build/py/builtinhelp.o
[111] build/py/modarray.o
[112] build/py/modbuiltins.o
[113] build/py/modcollections.o
[114] build/py/modgc.o
[115] build/py/modio.o
[116] build/py/modmath.o
[117] build/py/modcmath.o
[118] build/py/modmicropython.o
[119] build/py/modstruct.o
[120] build/py/modsys.o
[121] build/py/moderrno.o
[122] build/py/modthread.o
[123] build/py/vm.o
[124] build/py/bc.o
[125] build/py/showbc.o
[126] build/py/repl.o
[127] build/py/smallint.o
[128] build/py/frozenmod.o
[129] build/main.o
[130] build/gccollect.o
[131] build/shared/runtime/gchelper_generic.o
[132] /Applications/Xcode.app/Contents/Developer/Platforms/MacOSX.platform/Developer/SDKs/MacOSX.sdk/usr/lib/libm.tbd
[133] /Applications/Xcode.app/Contents/Developer/Platforms/MacOSX.platform/Developer/SDKs/MacOSX.sdk/usr/lib/libSystem.tbd
[134] /Applications/Xcode.app/Contents/Developer/Platforms/MacOSX.platform/Developer/SDKs/MacOSX.sdk/usr/lib/system/libcompiler_rt.tbd
[135] /Applications/Xcode.app/Contents/Developer/Platforms/MacOSX.platform/Developer/SDKs/MacOSX.sdk/usr/lib/system/libsystem_c.tbd
[136] /Applications/Xcode.app/Contents/Developer/Platforms/MacOSX.platform/Developer/SDKs/MacOSX.sdk/usr/lib/system/libsystem_kernel.tbd
[137] /Applications/Xcode.app/Contents/Developer/Platforms/MacOSX.platform/Developer/SDKs/MacOSX.sdk/usr/lib/system/libsystem_m.tbd
[138] /Applications/Xcode.app/Contents/Developer/Platforms/MacOSX.platform/Developer/SDKs/MacOSX.sdk/usr/lib/system/libsystem_malloc.tbd
[139] /Applications/Xcode.app/Contents/Developer/Platforms/MacOSX.platform/Developer/SDKs/MacOSX.sdk/usr/lib/system/libsystem_platform.tbd
[140] /Applications/Xcode.app/Contents/Developer/Platforms/MacOSX.platform/Developer/SDKs/MacOSX.sdk/usr/lib/system/libsystem_pthread.tbd
# Sections:
# Address	Size    	Segment	Section
0x100000600	0x0005AB62	__TEXT	__text
0x10005B162	0x000000DE	__TEXT	__stubs
0x10005B240	0x000062BF	__TEXT	__cstring
0x100061500	0x000016D0	__TEXT	__const
0x100063000	0x00000210	__DATA_CONST	__got
0x100063210	0x00004588	__DATA_CONST	__const
0x100068000	0x00000008	__DATA	__data
0x100068008	0x00000344	__DATA	__common
0x10006834C	0x00000005	__DATA	__bss
# Symbols:
# Address	Size    	File  Name
0x100000000	0x00000000	[  0] __mh_execute_header
0x100000600	0x0000001A	[  2] _nlr_push_tail
0x10000061A	0x00000018	[  2] _nlr_pop
0x100000632	0x0000001C	[  2] _nlr_push_jump_callback
0x10000064E	0x00000022	[  2] _nlr_pop_jump_callback
0x100000670	0x00000042	[  2] _nlr_call_jump_callbacks
0x1000006B2	0x0000002B	[  4] _nlr_push
0x1000006DD	0x0000005E	[  4] _nlr_jump
0x10000073B	0x0000002F	[ 13] _m_malloc
0x10000076A	0x0000000C	[ 13] _m_malloc_maybe
0x100000776	0x0000000A	[ 13] _m_malloc0
0x100000780	0x00000032	[ 13] _m_realloc
0x1000007B2	0x0000000A	[ 13] _m_realloc_maybe
0x1000007BC	0x0000000A	[ 13] _m_free
0x1000007D0	0x000000A0	[ 14] _gc_init
0x100000870	0x00000020	[ 14] _gc_is_locked
0x100000890	0x000000C0	[ 14] _gc_collect_start
0x100000950	0x000000E0	[ 14] _gc_collect_root
0x100000A30	0x00000160	[ 14] _gc_mark_subtree
0x100000B90	0x00000330	[ 14] _gc_collect_end
0x100000EC0	0x00000200	[ 14] _gc_alloc
0x1000010C0	0x000000F0	[ 14] _gc_free
0x1000011B0	0x00000310	[ 14] _gc_realloc
0x1000014C0	0x0000003D	[ 16] _qstr_compute_hash
0x1000014FD	0x00000023	[ 16] _qstr_init
0x100001520	0x00000147	[ 16] _qstr_find_strn
0x100001667	0x0000001F	[ 16] _qstr_from_str
0x100001686	0x00000284	[ 16] _qstr_from_strn
0x10000190A	0x00000027	[ 16] _qstr_hash
0x100001931	0x0000003E	[ 16] _find_qstr
0x10000196F	0x00000027	[ 16] _qstr_len
0x100001996	0x00000024	[ 16] _qstr_str
0x1000019BA	0x00000039	[ 16] _qstr_data
0x1000019F3	0x00000033	[ 17] _vstr_init
0x100001A26	0x0000003E	[ 17] _vstr_init_len
0x100001A64	0x00000044	[ 17] _vstr_init_print
0x100001AA8	0x0000003D	[ 17] _vstr_add_strn
0x100001AE5	0x00000027	[ 17] _vstr_clear
0x100001B0C	0x00000043	[ 17] _vstr_new
0x100001B4F	0x0000002C	[ 17] _vstr_free
0x100001B7B	0x00000049	[ 17] _vstr_extend
0x100001BC4	0x0000000A	[ 17] _vstr_hint_size
0x100001BCE	0x0000004E	[ 17] _vstr_ensure_extra
0x100001C1C	0x00000029	[ 17] _vstr_add_len
0x100001C45	0x00000036	[ 17] _vstr_null_terminated_str
0x100001C7B	0x0000002E	[ 17] _vstr_add_byte
0x100001CA9	0x00000137	[ 17] _vstr_add_char
0x100001DE0	0x00000048	[ 17] _vstr_add_str
0x100001E28	0x00000054	[ 17] _vstr_ins_blank_bytes
0x100001E7C	0x00000016	[ 17] _vstr_ins_char
0x100001E92	0x00000017	[ 17] _vstr_cut_tail_bytes
0x100001EA9	0x000000B2	[ 17] _vstr_printf
0x100001F5E	0x0000003A	[ 18] _mp_print_str
0x100001F98	0x00000179	[ 18] _mp_print_strn
0x100002111	0x000003F4	[ 18] _mp_print_mp_int
0x100002505	0x0000013E	[ 18] _mp_print_float
0x100002643	0x0000009A	[ 18] _mp_printf
0x1000026DD	0x00000697	[ 18] _mp_vprintf
0x100002D74	0x0000005B	[ 19] _utf8_get_char
0x100002DCF	0x00000016	[ 19] _utf8_next_char
0x100002DE5	0x00000028	[ 19] _utf8_ptr_to_index
0x100002E0D	0x0000002A	[ 19] _utf8_charlen
0x100002E37	0x0000001F	[ 19] _unichar_isspace
0x100002E56	0x00000020	[ 19] _unichar_isalpha
0x100002E76	0x0000001E	[ 19] _unichar_isdigit
0x100002E94	0x00000020	[ 19] _unichar_isxdigit
0x100002EB4	0x0000001E	[ 19] _unichar_isupper
0x100002ED2	0x0000001E	[ 19] _unichar_islower
0x100002EF0	0x0000001F	[ 19] _unichar_tolower
0x100002F0F	0x0000001F	[ 19] _unichar_toupper
0x100002F2E	0x00000019	[ 19] _unichar_xdigit_value
0x100002F47	0x00000053	[ 19] _utf8_check
0x100002F9A	0x00000014	[ 20] _mpz_init_zero
0x100002FAE	0x00000065	[ 20] _mpz_set_from_int
0x100003013	0x00000024	[ 20] _mpz_init_fixed_from_int
0x100003037	0x0000001A	[ 20] _mpz_deinit
0x100003051	0x00000046	[ 20] _mpz_set
0x100003097	0x00000065	[ 20] _mpz_need_dig
0x1000030FC	0x00000073	[ 20] _mpz_set_from_ll
0x10000316F	0x00000151	[ 20] _mpz_set_from_float
0x1000032C0	0x00000120	[ 20] _mpz_set_from_str
0x1000033E0	0x000000E0	[ 20] _mpz_set_from_bytes
0x1000034C0	0x00000071	[ 20] _mpz_cmp
0x100003531	0x00000020	[ 20] _mpz_abs_inpl
0x100003551	0x00000027	[ 20] _mpz_neg_inpl
0x100003578	0x000000AC	[ 20] _mpz_not_inpl
0x100003624	0x00000092	[ 20] _mpn_sub
0x1000036B6	0x00000088	[ 20] _mpn_add
0x10000373E	0x00000128	[ 20] _mpz_shl_inpl
0x100003866	0x0000011F	[ 20] _mpz_shr_inpl
0x100003985	0x0000005E	[ 20] _mpn_shr
0x1000039E3	0x000000F4	[ 20] _mpz_add_inpl
0x100003AD7	0x00000128	[ 20] _mpz_sub_inpl
0x100003BFF	0x0000017B	[ 20] _mpz_and_inpl
0x100003D7A	0x0000016C	[ 20] _mpz_or_inpl
0x100003EE6	0x00000147	[ 20] _mpz_xor_inpl
0x10000402D	0x00000166	[ 20] _mpz_mul_inpl
0x100004193	0x0000006E	[ 20] _mpz_clone
0x100004201	0x00000026	[ 20] _mpz_free
0x100004227	0x00000123	[ 20] _mpz_pow_inpl
0x10000434A	0x00000413	[ 20] _mpz_divmod_inpl
0x10000475D	0x0000003D	[ 20] _mpz_hash
0x10000479A	0x0000004F	[ 20] _mpz_as_int_checked
0x1000047E9	0x00000152	[ 20] _mpz_as_bytes
0x10000493B	0x00000052	[ 20] _mpz_as_float
0x10000498D	0x00000200	[ 20] _mpz_as_str_inpl
0x100004B8D	0x00000089	[ 21] _mp_reader_new_file_from_fd
0x100004C16	0x00000063	[ 21] _mp_reader_posix_readbyte
0x100004C79	0x00000024	[ 21] _mp_reader_posix_close
0x100004C9D	0x00000058	[ 21] _mp_reader_new_file
0x100004CF8	0x00000AA4	[ 22] _mp_lexer_to_next
0x10000579C	0x0000007A	[ 22] _skip_whitespace
0x100005816	0x0000006B	[ 22] _is_string_or_bytes
0x100005881	0x000000EB	[ 22] _next_char
0x10000596C	0x000000E4	[ 22] _mp_lexer_new
0x100005A50	0x0000003F	[ 22] _mp_lexer_new_from_file
0x100005A8F	0x0000003C	[ 22] _mp_lexer_new_from_fd
0x100005ACB	0x00000045	[ 22] _mp_lexer_free
0x100005B10	0x00000039	[ 23] _mp_parse_node_get_int_maybe
0x100005B49	0x0000005C	[ 23] _mp_parse_node_get_number_maybe
0x100005BA5	0x0000000C	[ 23] _mp_parse_node_is_const_false
0x100005BB1	0x00000032	[ 23] _parse_node_is_const_bool
0x100005BE3	0x0000000F	[ 23] _mp_parse_node_is_const_true
0x100005BF2	0x00000046	[ 23] _mp_parse_node_extract_list
0x100005C38	0x00000A28	[ 23] _mp_parse
0x100006660	0x00000080	[ 23] _push_rule
0x1000066E0	0x00000194	[ 23] _push_result_token
0x100006874	0x0000002D	[ 23] _push_rule_from_arg
0x1000068A1	0x0000004C	[ 23] _push_result_node
0x1000068ED	0x00000024	[ 23] _pop_result
0x100006911	0x00000967	[ 23] _push_result_rule
0x100007278	0x00000031	[ 23] _mp_parse_tree_clear
0x1000072A9	0x00000071	[ 23] _mp_parse_node_is_const
0x10000731A	0x0000010E	[ 23] _mp_parse_node_convert_to_obj
0x100007428	0x00000061	[ 23] _make_node_const_object_optimised
0x100007489	0x000000B3	[ 23] _parser_alloc
0x10000753C	0x00000066	[ 23] _binary_op_maybe
0x1000075A2	0x0000010C	[ 23] _build_tuple_from_stack
0x1000076AE	0x0000008F	[ 24] _scope_new
0x10000773D	0x00000020	[ 24] _scope_free
0x10000775D	0x00000097	[ 24] _scope_find_or_add_id
0x1000077F4	0x00000027	[ 24] _scope_find
0x10000781B	0x00000030	[ 24] _scope_find_global
0x10000784B	0x000000AE	[ 24] _scope_check_to_close_over
0x1000078FC	0x000007E6	[ 25] _mp_compile_to_raw_code
0x1000080E2	0x00000499	[ 25] _compile_scope_inline_asm
0x10000857B	0x00000527	[ 25] _compile_scope
0x100008AA2	0x00000045	[ 25] _compile_syntax_error
0x100008AE7	0x000000BC	[ 25] _compile_node
0x100008BA3	0x00000086	[ 25] _apply_to_single_or_list
0x100008C29	0x00000073	[ 25] _compile_viper_type_annotation
0x100008C9C	0x00000038	[ 25] _compile_load_id
0x100008CD4	0x0000015A	[ 25] _compile_scope_comp_iter
0x100008E2E	0x00000033	[ 25] _compile_store_id
0x100008E61	0x00000067	[ 25] _compile_generic_all_nodes
0x100008EC8	0x000002D5	[ 25] _compile_decorated
0x10000919D	0x00000027	[ 25] _compile_funcdef
0x1000091C4	0x00000375	[ 25] _compile_expr_stmt
0x100009539	0x00000056	[ 25] _compile_generic_tuple
0x10000958F	0x0000001A	[ 25] _compile_del_stmt
0x1000095A9	0x0000005F	[ 25] _compile_break_cont_stmt
0x100009608	0x000000CE	[ 25] _compile_return_stmt
0x1000096D6	0x00000026	[ 25] _compile_yield_stmt
0x1000096FC	0x0000006D	[ 25] _compile_raise_stmt
0x100009769	0x0000001A	[ 25] _compile_import_name
0x100009783	0x00000277	[ 25] _compile_import_from
0x1000099FA	0x000000B4	[ 25] _compile_global_nonlocal_stmt
0x100009AAE	0x000000A9	[ 25] _compile_assert_stmt
0x100009B57	0x0000033C	[ 25] _compile_async_stmt
0x100009E93	0x0000018C	[ 25] _compile_if_stmt
0x10000A01F	0x00000104	[ 25] _compile_while_stmt
0x10000A123	0x00000250	[ 25] _compile_for_stmt
0x10000A373	0x000000E0	[ 25] _compile_try_stmt
0x10000A453	0x00000049	[ 25] _compile_with_stmt
0x10000A49C	0x00000015	[ 25] _compile_namedexpr
0x10000A4B1	0x000000C3	[ 25] _compile_test_if_expr
0x10000A574	0x0000007C	[ 25] _compile_lambdef
0x10000A5F0	0x000000A3	[ 25] _compile_or_and_test
0x10000A693	0x0000002E	[ 25] _compile_not_test_2
0x10000A6C1	0x000001D8	[ 25] _compile_comparison
0x10000A899	0x00000011	[ 25] _compile_star_expr
0x10000A8AA	0x00000071	[ 25] _compile_binary_op
0x10000A91B	0x00000069	[ 25] _compile_term
0x10000A984	0x0000004F	[ 25] _compile_factor_2
0x10000A9D3	0x0000002A	[ 25] _compile_power
0x10000A9FD	0x00000044	[ 25] _compile_atom_expr_await
0x10000AA41	0x000001D6	[ 25] _compile_atom_expr_normal
0x10000AC17	0x00000073	[ 25] _compile_atom_paren
0x10000AC8A	0x000000BA	[ 25] _compile_atom_bracket
0x10000AD44	0x00000270	[ 25] _compile_atom_brace
0x10000AFB4	0x00000012	[ 25] _compile_trailer_paren
0x10000AFC6	0x0000002B	[ 25] _compile_trailer_bracket
0x10000AFF1	0x00000023	[ 25] _compile_trailer_period
0x10000B014	0x0000011C	[ 25] _compile_subscript
0x10000B130	0x00000026	[ 25] _compile_dictorsetmaker_item
0x10000B156	0x00000027	[ 25] _compile_classdef
0x10000B17D	0x0000009C	[ 25] _compile_yield_expr
0x10000B219	0x0000001D	[ 25] _compile_const_object
0x10000B236	0x00000088	[ 25] _compile_funcdef_helper
0x10000B2BE	0x000000CB	[ 25] _compile_classdef_helper
0x10000B389	0x000000AF	[ 25] _compile_funcdef_lambdef
0x10000B438	0x00000164	[ 25] _compile_funcdef_lambdef_param
0x10000B59C	0x0000014A	[ 25] _close_over_variables_etc
0x10000B6E6	0x00000257	[ 25] _compile_trailer_paren_helper
0x10000B93D	0x000000D3	[ 25] _compile_namedexpr_helper
0x10000BA10	0x000000F8	[ 25] _compile_comprehension
0x10000BB08	0x00000096	[ 25] _compile_declare_global_or_nonlocal
0x10000BB9E	0x00000331	[ 25] _c_assign
0x10000BECF	0x00000105	[ 25] _c_assign_tuple
0x10000BFD4	0x00000217	[ 25] _c_del_stmt
0x10000C1EB	0x00000033	[ 25] _compile_delete_id
0x10000C21E	0x000001B5	[ 25] _c_if_cond
0x10000C3D3	0x00000054	[ 25] _compile_dotted_as_name
0x10000C427	0x000001E7	[ 25] _do_import_name
0x10000C60E	0x00000040	[ 25] _compile_decrease_except_level
0x10000C64E	0x00000052	[ 25] _compile_yield_from
0x10000C6A0	0x0000039E	[ 25] _compile_async_with_stmt_helper
0x10000CA3E	0x00000268	[ 25] _compile_for_stmt_optimised_range
0x10000CCA6	0x00000116	[ 25] _compile_try_finally
0x10000CDBC	0x00000312	[ 25] _compile_try_except
0x10000D0CE	0x0000013B	[ 25] _compile_with_stmt_helper
0x10000D209	0x0000018C	[ 25] _compile_scope_func_lambda_param
0x10000D398	0x0000004A	[ 26] _mp_emit_common_use_qstr
0x10000D3E2	0x00000058	[ 26] _mp_emit_common_use_const_obj
0x10000D43A	0x000000EE	[ 26] _strictly_equal
0x10000D528	0x0000002C	[ 26] _mp_emit_common_get_id_for_modification
0x10000D554	0x000000B8	[ 26] _mp_emit_common_id_op
0x10000D60C	0x0000001E	[ 27] _emit_bc_new
0x10000D62A	0x00000025	[ 27] _emit_bc_set_max_num_labels
0x10000D64F	0x00000020	[ 27] _emit_bc_free
0x10000D66F	0x0000025E	[ 27] _mp_emit_bc_start_pass
0x10000D8CD	0x0000015C	[ 27] _mp_emit_bc_end_pass
0x10000DA29	0x0000002C	[ 27] _mp_emit_bc_adjust_stack_size
0x10000DA55	0x0000010E	[ 27] _mp_emit_bc_set_source_line
0x10000DB63	0x00000037	[ 27] _mp_emit_bc_label_assign
0x10000DB9A	0x00000078	[ 27] _mp_emit_bc_import
0x10000DC12	0x00000061	[ 27] _mp_emit_bc_load_const_tok
0x10000DC73	0x00000130	[ 27] _mp_emit_bc_load_const_small_int
0x10000DDA3	0x0000002D	[ 27] _mp_emit_bc_load_const_str
0x10000DDD0	0x0000002D	[ 27] _mp_emit_bc_load_const_obj
0x10000DDFD	0x0000002A	[ 27] _mp_emit_bc_load_null
0x10000DE27	0x0000005B	[ 27] _mp_emit_bc_load_local
0x10000DE82	0x00000047	[ 27] _emit_write_bytecode_byte_uint
0x10000DEC9	0x0000002F	[ 27] _mp_emit_bc_load_global
0x10000DEF8	0x0000003F	[ 27] _mp_emit_bc_load_method
0x10000DF37	0x0000002A	[ 27] _mp_emit_bc_load_build_class
0x10000DF61	0x0000007D	[ 27] _mp_emit_bc_subscr
0x10000DFDE	0x00000027	[ 27] _mp_emit_bc_rot_three
0x10000E005	0x0000008D	[ 27] _mp_emit_bc_attr
0x10000E092	0x00000027	[ 27] _mp_emit_bc_rot_two
0x10000E0B9	0x0000005D	[ 27] _mp_emit_bc_store_local
0x10000E116	0x0000002F	[ 27] _mp_emit_bc_store_global
0x10000E145	0x00000018	[ 27] _mp_emit_bc_delete_local
0x10000E15D	0x0000002C	[ 27] _mp_emit_bc_delete_global
0x10000E189	0x0000002A	[ 27] _mp_emit_bc_dup_top
0x10000E1B3	0x0000002A	[ 27] _mp_emit_bc_dup_top_two
0x10000E1DD	0x0000002C	[ 27] _mp_emit_bc_pop_top
0x10000E209	0x00000023	[ 27] _mp_emit_bc_jump
0x10000E22C	0x000000EE	[ 27] _emit_write_bytecode_byte_label
0x10000E31A	0x00000019	[ 27] _mp_emit_bc_pop_jump_if
0x10000E333	0x00000019	[ 27] _mp_emit_bc_jump_if_or_pop
0x10000E34C	0x000000AA	[ 27] _mp_emit_bc_unwind_jump
0x10000E3F6	0x0000001D	[ 27] _mp_emit_bc_setup_block
0x10000E413	0x00000062	[ 27] _mp_emit_bc_with_cleanup
0x10000E475	0x000000E9	[ 27] _mp_emit_bc_async_with_setup_finally
0x10000E55E	0x0000006D	[ 27] _mp_emit_bc_binary_op
0x10000E5CB	0x0000002C	[ 27] _mp_emit_bc_end_finally
0x10000E5F7	0x0000002E	[ 27] _mp_emit_bc_get_iter
0x10000E625	0x00000017	[ 27] _mp_emit_bc_for_iter
0x10000E63C	0x00000011	[ 27] _mp_emit_bc_for_iter_end
0x10000E64D	0x00000023	[ 27] _mp_emit_bc_pop_except_jump
0x10000E670	0x0000002A	[ 27] _mp_emit_bc_unary_op
0x10000E69A	0x00000025	[ 27] _mp_emit_bc_build
0x10000E6BF	0x0000002C	[ 27] _mp_emit_bc_store_map
0x10000E6EB	0x0000003D	[ 27] _mp_emit_bc_store_comp
0x10000E728	0x00000014	[ 27] _mp_emit_bc_unpack_sequence
0x10000E73C	0x0000001E	[ 27] _mp_emit_bc_unpack_ex
0x10000E75A	0x0000002D	[ 27] _mp_emit_bc_make_function
0x10000E787	0x0000003A	[ 27] _emit_write_bytecode_byte_child
0x10000E7C1	0x00000062	[ 27] _mp_emit_bc_make_closure
0x10000E823	0x0000001A	[ 27] _mp_emit_bc_call_function
0x10000E83D	0x00000036	[ 27] _emit_bc_call_function_method_helper
0x10000E873	0x0000001D	[ 27] _mp_emit_bc_call_method
0x10000E890	0x00000030	[ 27] _mp_emit_bc_return_value
0x10000E8C0	0x0000003F	[ 27] _mp_emit_bc_raise_varargs
0x10000E8FF	0x00000038	[ 27] _mp_emit_bc_yield
0x10000E937	0x0000000F	[ 27] _mp_emit_bc_start_except_handler
0x10000E946	0x00000011	[ 27] _mp_emit_bc_end_except_handler
0x10000E957	0x0000002B	[ 27] _emit_get_cur_to_write_code_info
0x10000E982	0x0000003B	[ 27] _emit_get_cur_to_write_bytecode
0x10000E9BD	0x00000025	[ 28] _mp_asm_base_init
0x10000E9E2	0x00000025	[ 28] _mp_asm_base_deinit
0x10000EA07	0x0000006A	[ 28] _mp_asm_base_start_pass
0x10000EA71	0x00000031	[ 28] _mp_asm_base_get_cur_to_write_bytes
0x10000EAA2	0x00000068	[ 28] _mp_asm_base_label_assign
0x10000EB0A	0x0000001E	[ 28] _mp_asm_base_align
0x10000EB28	0x00000047	[ 28] _mp_asm_base_data
0x10000EB6F	0x0000000F	[ 29] _asm_x64_mov_r64_r64
0x10000EB7E	0x00000058	[ 29] _asm_x64_generic_r64_r64
0x10000EBD6	0x00000082	[ 29] _asm_x64_mov_r8_to_mem8
0x10000EC58	0x000000E6	[ 29] _asm_x64_write_r64_disp
0x10000ED3E	0x0000008D	[ 29] _asm_x64_mov_r16_to_mem16
0x10000EDCB	0x00000082	[ 29] _asm_x64_mov_r32_to_mem32
0x10000EE4D	0x00000059	[ 29] _asm_x64_mov_r64_to_mem64
0x10000EEA6	0x0000008D	[ 29] _asm_x64_mov_mem8_to_r64zx
0x10000EF33	0x0000008D	[ 29] _asm_x64_mov_mem16_to_r64zx
0x10000EFC0	0x00000082	[ 29] _asm_x64_mov_mem32_to_r64zx
0x10000F042	0x00000059	[ 29] _asm_x64_mov_mem64_to_r64
0x10000F09B	0x00000079	[ 29] _asm_x64_mov_i32_to_r64
0x10000F114	0x0000005A	[ 29] _asm_x64_mov_i64_to_r64
0x10000F16E	0x00000019	[ 29] _asm_x64_mov_i64_to_r64_optimised
0x10000F187	0x00000038	[ 29] _asm_x64_not_r64
0x10000F1BF	0x00000038	[ 29] _asm_x64_neg_r64
0x10000F1F7	0x0000000F	[ 29] _asm_x64_and_r64_r64
0x10000F206	0x0000000F	[ 29] _asm_x64_or_r64_r64
0x10000F215	0x0000000F	[ 29] _asm_x64_xor_r64_r64
0x10000F224	0x00000038	[ 29] _asm_x64_shl_r64_cl
0x10000F25C	0x00000038	[ 29] _asm_x64_shr_r64_cl
0x10000F294	0x00000035	[ 29] _asm_x64_sar_r64_cl
0x10000F2C9	0x0000000F	[ 29] _asm_x64_add_r64_r64
0x10000F2D8	0x0000000F	[ 29] _asm_x64_sub_r64_r64
0x10000F2E7	0x00000067	[ 29] _asm_x64_mul_r64_r64
0x10000F34E	0x00000015	[ 29] _asm_x64_cmp_r64_with_r64
0x10000F363	0x00000044	[ 29] _asm_x64_test_r8_with_r8
0x10000F3A7	0x00000015	[ 29] _asm_x64_test_r64_with_r64
0x10000F3BC	0x0000003E	[ 29] _asm_x64_setcc_r8
0x10000F3FA	0x00000034	[ 29] _asm_x64_jmp_reg
0x10000F42E	0x000000A4	[ 29] _asm_x64_jmp_label
0x10000F4D2	0x000000AD	[ 29] _asm_x64_jcc_label
0x10000F57F	0x00000085	[ 29] _asm_x64_entry
0x10000F604	0x00000073	[ 29] _asm_x64_sub_r64_i32
0x10000F677	0x0000008A	[ 29] _asm_x64_exit
0x10000F701	0x00000018	[ 29] _asm_x64_mov_local_to_r64
0x10000F719	0x00000016	[ 29] _asm_x64_mov_r64_to_local
0x10000F72F	0x0000008F	[ 29] _asm_x64_mov_local_addr_to_r64
0x10000F7BE	0x0000007D	[ 29] _asm_x64_mov_reg_pcrel
0x10000F83B	0x0000004B	[ 29] _asm_x64_call_ind
0x10000F888	0x0000008A	[ 30] _emit_native_x64_new
0x10000F912	0x0000004C	[ 30] _emit_native_x64_free
0x10000F95E	0x00000881	[ 30] _emit_native_start_pass
0x1000101DF	0x000004B8	[ 30] _emit_native_end_pass
0x100010697	0x00000060	[ 30] _emit_native_adjust_stack_size
0x1000106F7	0x00000006	[ 30] _emit_native_set_source_line
0x1000106FD	0x000000D3	[ 30] _emit_native_load_local
0x1000107D0	0x000000B7	[ 30] _emit_native_load_global
0x100010887	0x000000D2	[ 30] _emit_native_store_local
0x100010959	0x0000010F	[ 30] _emit_native_store_global
0x100010A68	0x0000006A	[ 30] _emit_native_delete_local
0x100010AD2	0x00000018	[ 30] _emit_native_delete_global
0x100010AEA	0x000000A7	[ 30] _emit_native_label_assign
0x100010B91	0x00000152	[ 30] _emit_native_import
0x100010CE3	0x000000A0	[ 30] _emit_native_load_const_tok
0x100010D83	0x00000047	[ 30] _emit_native_load_const_small_int
0x100010DCA	0x00000066	[ 30] _emit_native_load_const_str
0x100010E30	0x00000061	[ 30] _emit_native_load_const_obj
0x100010E91	0x00000049	[ 30] _emit_native_load_null
0x100010EDA	0x000000AE	[ 30] _emit_native_load_method
0x100010F88	0x00000063	[ 30] _emit_native_load_build_class
0x100010FEB	0x000008BD	[ 30] _emit_native_subscr
0x1000118A8	0x000001CF	[ 30] _emit_native_attr
0x100011A77	0x0000004F	[ 30] _emit_native_dup_top
0x100011AC6	0x0000010C	[ 30] _emit_native_dup_top_two
0x100011BD2	0x00000011	[ 30] _emit_native_pop_top
0x100011BE3	0x00000048	[ 30] _emit_native_rot_two
0x100011C2B	0x000000FA	[ 30] _emit_native_rot_three
0x100011D25	0x00000031	[ 30] _emit_native_jump
0x100011D56	0x0000000F	[ 30] _emit_native_pop_jump_if
0x100011D65	0x0000000C	[ 30] _emit_native_jump_if_or_pop
0x100011D71	0x00000155	[ 30] _emit_native_unwind_jump
0x100011EC6	0x00000221	[ 30] _emit_native_setup_block
0x1000120E7	0x0000031A	[ 30] _emit_native_with_cleanup
0x100012401	0x0000013D	[ 30] _emit_native_async_with_setup_finally
0x10001253E	0x0000013A	[ 30] _emit_native_end_finally
0x100012678	0x000000F4	[ 30] _emit_native_get_iter
0x10001276C	0x000000A8	[ 30] _emit_native_for_iter
0x100012814	0x00000011	[ 30] _emit_native_for_iter_end
0x100012825	0x00000067	[ 30] _emit_native_pop_except_jump
0x10001288C	0x00000230	[ 30] _emit_native_unary_op
0x100012ABC	0x000004D4	[ 30] _emit_native_binary_op
0x100012F90	0x0000016C	[ 30] _emit_native_build
0x1000130FC	0x000000B4	[ 30] _emit_native_store_map
0x1000131B0	0x00000117	[ 30] _emit_native_store_comp
0x1000132C7	0x0000006F	[ 30] _emit_native_unpack_sequence
0x100013336	0x00000085	[ 30] _emit_native_unpack_ex
0x1000133BB	0x000000DF	[ 30] _emit_native_make_function
0x10001349A	0x00000157	[ 30] _emit_native_make_closure
0x1000135F1	0x00000213	[ 30] _emit_native_call_function
0x100013804	0x000000B1	[ 30] _emit_native_call_method
0x1000138B5	0x000001E3	[ 30] _emit_native_return_value
0x100013A98	0x0000008F	[ 30] _emit_native_raise_varargs
0x100013B27	0x0000031C	[ 30] _emit_native_yield
0x100013E43	0x00000068	[ 30] _emit_native_start_except_handler
0x100013EAB	0x00000006	[ 30] _emit_native_end_except_handler
0x100013EB1	0x00000047	[ 30] _emit_call_with_imm_arg
0x100013EF8	0x00000034	[ 30] _emit_native_mov_state_reg
0x100013F2C	0x000003E6	[ 30] _emit_native_global_exc_entry
0x100014312	0x00000061	[ 30] _need_reg_all
0x100014373	0x00000032	[ 30] _emit_native_mov_reg_state
0x1000143A5	0x0000003C	[ 30] _ensure_extra_stack
0x1000143E1	0x0000003B	[ 30] _adjust_stack
0x10001441C	0x000000CF	[ 30] _emit_native_load_fast
0x1000144EB	0x0000004F	[ 30] _emit_post_push_reg
0x10001453A	0x0000007C	[ 30] _need_reg_single
0x1000145B6	0x00000076	[ 30] _emit_pre_pop_reg_flexible
0x10001462C	0x000000A3	[ 30] _emit_access_stack
0x1000146CF	0x000000BE	[ 30] _load_reg_stack_imm
0x10001478D	0x00000066	[ 30] _emit_call_with_qstr_arg
0x1000147F3	0x000000FE	[ 30] _emit_native_store_fast
0x1000148F1	0x0000007B	[ 30] _need_stack_settled
0x10001496C	0x0000008A	[ 30] _emit_native_leave_exc_stack
0x1000149F6	0x0000005C	[ 30] _emit_pre_pop_reg_reg
0x100014A52	0x00000074	[ 30] _emit_load_reg_with_object
0x100014AC6	0x00000147	[ 30] _emit_get_stack_pointer_to_reg_for_pop
0x100014C0D	0x0000007F	[ 30] _emit_get_stack_pointer_to_reg_for_push
0x100014C8C	0x00000051	[ 30] _emit_native_mov_reg_state_addr
0x100014CDD	0x0000008E	[ 30] _emit_pre_pop_reg_reg_reg
0x100014D6B	0x00000095	[ 30] _emit_post_push_reg_reg
0x100014E00	0x00000199	[ 30] _emit_native_jump_helper
0x100014F99	0x0000009A	[ 30] _emit_native_push_exc_stack
0x100015033	0x00000060	[ 30] _emit_call_with_2_imm_args
0x100015093	0x00000073	[ 30] _emit_load_reg_with_child
0x100015106	0x00000067	[ 30] _emit_fold_stack_top
0x10001516D	0x0000002F	[ 31] _asm_x86_mov_r32_r32
0x10001519C	0x00000040	[ 31] _asm_x86_mov_r8_to_mem8
0x1000151DC	0x000000E1	[ 31] _asm_x86_write_r32_disp
0x1000152BD	0x00000042	[ 31] _asm_x86_mov_r16_to_mem16
0x1000152FF	0x00000040	[ 31] _asm_x86_mov_r32_to_mem32
0x10001533F	0x00000042	[ 31] _asm_x86_mov_mem8_to_r32zx
0x100015381	0x00000042	[ 31] _asm_x86_mov_mem16_to_r32zx
0x1000153C3	0x00000040	[ 31] _asm_x86_mov_mem32_to_r32
0x100015403	0x0000004E	[ 31] _asm_x86_mov_i32_to_r32
0x100015451	0x00000027	[ 31] _asm_x86_not_r32
0x100015478	0x00000027	[ 31] _asm_x86_neg_r32
0x10001549F	0x0000002F	[ 31] _asm_x86_and_r32_r32
0x1000154CE	0x0000002F	[ 31] _asm_x86_or_r32_r32
0x1000154FD	0x0000002F	[ 31] _asm_x86_xor_r32_r32
0x10001552C	0x00000027	[ 31] _asm_x86_shl_r32_cl
0x100015553	0x00000027	[ 31] _asm_x86_shr_r32_cl
0x10001557A	0x00000027	[ 31] _asm_x86_sar_r32_cl
0x1000155A1	0x0000002F	[ 31] _asm_x86_add_r32_r32
0x1000155D0	0x0000002F	[ 31] _asm_x86_sub_r32_r32
0x1000155FF	0x00000031	[ 31] _asm_x86_mul_r32_r32
0x100015630	0x0000002F	[ 31] _asm_x86_cmp_r32_with_r32
0x10001565F	0x0000002F	[ 31] _asm_x86_test_r8_with_r8
0x10001568E	0x0000002F	[ 31] _asm_x86_test_r32_with_r32
0x1000156BD	0x00000031	[ 31] _asm_x86_setcc_r8
0x1000156EE	0x00000027	[ 31] _asm_x86_jmp_reg
0x100015715	0x000000A4	[ 31] _asm_x86_jmp_label
0x1000157B9	0x000000AE	[ 31] _asm_x86_jcc_label
0x100015867	0x00000081	[ 31] _asm_x86_entry
0x1000158E8	0x0000006B	[ 31] _asm_x86_sub_r32_i32
0x100015953	0x00000086	[ 31] _asm_x86_exit
0x1000159D9	0x0000001B	[ 31] _asm_x86_mov_arg_to_r32
0x1000159F4	0x00000018	[ 31] _asm_x86_mov_local_to_r32
0x100015A0C	0x00000016	[ 31] _asm_x86_mov_r32_to_local
0x100015A22	0x00000071	[ 31] _asm_x86_mov_local_addr_to_r32
0x100015A93	0x000000AB	[ 31] _asm_x86_mov_reg_pcrel
0x100015B3E	0x00000167	[ 31] _asm_x86_call_ind
0x100015CA8	0x0000008A	[ 32] _emit_native_x86_new
0x100015D32	0x0000004C	[ 32] _emit_native_x86_free
0x100015D7E	0x000008E7	[ 32] _emit_native_start_pass
0x100016665	0x000004B6	[ 32] _emit_native_end_pass
0x100016B1B	0x00000060	[ 32] _emit_native_adjust_stack_size
0x100016B7B	0x00000006	[ 32] _emit_native_set_source_line
0x100016B81	0x000000D3	[ 32] _emit_native_load_local
0x100016C54	0x000000B4	[ 32] _emit_native_load_global
0x100016D08	0x000000D2	[ 32] _emit_native_store_local
0x100016DDA	0x00000109	[ 32] _emit_native_store_global
0x100016EE3	0x0000006A	[ 32] _emit_native_delete_local
0x100016F4D	0x00000015	[ 32] _emit_native_delete_global
0x100016F62	0x000000A7	[ 32] _emit_native_label_assign
0x100017009	0x0000014E	[ 32] _emit_native_import
0x100017157	0x000000A0	[ 32] _emit_native_load_const_tok
0x1000171F7	0x00000047	[ 32] _emit_native_load_const_small_int
0x10001723E	0x00000066	[ 32] _emit_native_load_const_str
0x1000172A4	0x00000061	[ 32] _emit_native_load_const_obj
0x100017305	0x00000049	[ 32] _emit_native_load_null
0x10001734E	0x000000A8	[ 32] _emit_native_load_method
0x1000173F6	0x00000065	[ 32] _emit_native_load_build_class
0x10001745B	0x00000869	[ 32] _emit_native_subscr
0x100017CC4	0x000001C0	[ 32] _emit_native_attr
0x100017E84	0x0000004F	[ 32] _emit_native_dup_top
0x100017ED3	0x0000010C	[ 32] _emit_native_dup_top_two
0x100017FDF	0x00000011	[ 32] _emit_native_pop_top
0x100017FF0	0x00000048	[ 32] _emit_native_rot_two
0x100018038	0x000000FA	[ 32] _emit_native_rot_three
0x100018132	0x00000031	[ 32] _emit_native_jump
0x100018163	0x0000000F	[ 32] _emit_native_pop_jump_if
0x100018172	0x0000000C	[ 32] _emit_native_jump_if_or_pop
0x10001817E	0x00000155	[ 32] _emit_native_unwind_jump
0x1000182D3	0x0000021B	[ 32] _emit_native_setup_block
0x1000184EE	0x00000300	[ 32] _emit_native_with_cleanup
0x1000187EE	0x00000134	[ 32] _emit_native_async_with_setup_finally
0x100018922	0x0000013C	[ 32] _emit_native_end_finally
0x100018A5E	0x000000FB	[ 32] _emit_native_get_iter
0x100018B59	0x000000AA	[ 32] _emit_native_for_iter
0x100018C03	0x00000011	[ 32] _emit_native_for_iter_end
0x100018C14	0x00000067	[ 32] _emit_native_pop_except_jump
0x100018C7B	0x0000022D	[ 32] _emit_native_unary_op
0x100018EA8	0x000004D0	[ 32] _emit_native_binary_op
0x100019378	0x0000016B	[ 32] _emit_native_build
0x1000194E3	0x000000B9	[ 32] _emit_native_store_map
0x10001959C	0x00000120	[ 32] _emit_native_store_comp
0x1000196BC	0x0000006C	[ 32] _emit_native_unpack_sequence
0x100019728	0x00000082	[ 32] _emit_native_unpack_ex
0x1000197AA	0x000000E4	[ 32] _emit_native_make_function
0x10001988E	0x0000014E	[ 32] _emit_native_make_closure
0x1000199DC	0x0000020D	[ 32] _emit_native_call_function
0x100019BE9	0x000000B1	[ 32] _emit_native_call_method
0x100019C9A	0x000001D3	[ 32] _emit_native_return_value
0x100019E6D	0x00000091	[ 32] _emit_native_raise_varargs
0x100019EFE	0x00000320	[ 32] _emit_native_yield
0x10001A21E	0x00000068	[ 32] _emit_native_start_except_handler
0x10001A286	0x00000006	[ 32] _emit_native_end_except_handler
0x10001A28C	0x00000052	[ 32] _emit_call_with_imm_arg
0x10001A2DE	0x00000034	[ 32] _emit_native_mov_state_reg
0x10001A312	0x000003E5	[ 32] _emit_native_global_exc_entry
0x10001A6F7	0x00000061	[ 32] _need_reg_all
0x10001A758	0x00000032	[ 32] _emit_native_mov_reg_state
0x10001A78A	0x0000003C	[ 32] _ensure_extra_stack
0x10001A7C6	0x0000003B	[ 32] _adjust_stack
0x10001A801	0x000000CF	[ 32] _emit_native_load_fast
0x10001A8D0	0x0000004F	[ 32] _emit_post_push_reg
0x10001A91F	0x0000007C	[ 32] _need_reg_single
0x10001A99B	0x00000076	[ 32] _emit_pre_pop_reg_flexible
0x10001AA11	0x000000A3	[ 32] _emit_access_stack
0x10001AAB4	0x000000BA	[ 32] _load_reg_stack_imm
0x10001AB6E	0x00000071	[ 32] _emit_call_with_qstr_arg
0x10001ABDF	0x000000FE	[ 32] _emit_native_store_fast
0x10001ACDD	0x0000007B	[ 32] _need_stack_settled
0x10001AD58	0x0000008A	[ 32] _emit_native_leave_exc_stack
0x10001ADE2	0x0000005C	[ 32] _emit_pre_pop_reg_reg
0x10001AE3E	0x00000074	[ 32] _emit_load_reg_with_object
0x10001AEB2	0x00000144	[ 32] _emit_get_stack_pointer_to_reg_for_pop
0x10001AFF6	0x0000007F	[ 32] _emit_get_stack_pointer_to_reg_for_push
0x10001B075	0x00000050	[ 32] _emit_native_mov_reg_state_addr
0x10001B0C5	0x0000008E	[ 32] _emit_pre_pop_reg_reg_reg
0x10001B153	0x00000095	[ 32] _emit_post_push_reg_reg
0x10001B1E8	0x0000019B	[ 32] _emit_native_jump_helper
0x10001B383	0x0000009A	[ 32] _emit_native_push_exc_stack
0x10001B41D	0x00000067	[ 32] _emit_call_with_2_imm_args
0x10001B484	0x00000070	[ 32] _emit_load_reg_with_child
0x10001B4F4	0x0000005E	[ 32] _emit_fold_stack_top
0x10001B552	0x000001B3	[ 33] _asm_thumb_entry
0x10001B705	0x0000002E	[ 33] _asm_thumb_op32
0x10001B733	0x00000021	[ 33] _asm_thumb_op16
0x10001B754	0x000000CE	[ 33] _asm_thumb_exit
0x10001B822	0x00000051	[ 33] _asm_thumb_format_4
0x10001B873	0x00000056	[ 33] _asm_thumb_mov_reg_reg
0x10001B8C9	0x00000062	[ 33] _asm_thumb_mov_reg_i16
0x10001B92B	0x0000006F	[ 33] _asm_thumb_b_n_label
0x10001B99A	0x00000115	[ 33] _asm_thumb_bcc_nw_label
0x10001BAAF	0x00000084	[ 33] _asm_thumb_bl_label
0x10001BB33	0x0000010A	[ 33] _asm_thumb_mov_reg_i32
0x10001BC3D	0x00000188	[ 33] _asm_thumb_mov_reg_i32_optimised
0x10001BDC5	0x0000007C	[ 33] _asm_thumb_mov_rlo_i16
0x10001BE41	0x00000047	[ 33] _asm_thumb_mov_local_reg
0x10001BE88	0x00000028	[ 33] _asm_thumb_mov_local_check
0x10001BEB0	0x00000049	[ 33] _asm_thumb_mov_reg_local
0x10001BEF9	0x00000041	[ 33] _asm_thumb_mov_reg_local_addr
0x10001BF3A	0x000000B1	[ 33] _asm_thumb_mov_reg_pcrel
0x10001BFEB	0x0000013C	[ 33] _asm_thumb_load_reg_reg_offset
0x10001C127	0x000001B9	[ 33] _asm_thumb_add_reg_reg_offset
0x10001C2E0	0x0000018B	[ 33] _asm_thumb_store_reg_reg_offset
0x10001C46B	0x00000229	[ 33] _asm_thumb_b_label
0x10001C694	0x0000015C	[ 33] _asm_thumb_bcc_label
0x10001C7F0	0x00000046	[ 33] _asm_thumb_bcc_rel9
0x10001C836	0x00000048	[ 33] _asm_thumb_b_rel12
0x10001C87E	0x00000043	[ 33] _asm_thumb_bl_ind
0x10001C8C4	0x0000008A	[ 34] _emit_native_thumb_new
0x10001C94E	0x0000004C	[ 34] _emit_native_thumb_free
0x10001C99A	0x00000892	[ 34] _emit_native_start_pass
0x10001D22C	0x000004B3	[ 34] _emit_native_end_pass
0x10001D6DF	0x00000060	[ 34] _emit_native_adjust_stack_size
0x10001D73F	0x00000006	[ 34] _emit_native_set_source_line
0x10001D745	0x000000D9	[ 34] _emit_native_load_local
0x10001D81E	0x000000B4	[ 34] _emit_native_load_global
0x10001D8D2	0x000000D8	[ 34] _emit_native_store_local
0x10001D9AA	0x00000109	[ 34] _emit_native_store_global
0x10001DAB3	0x0000006A	[ 34] _emit_native_delete_local
0x10001DB1D	0x00000015	[ 34] _emit_native_delete_global
0x10001DB32	0x000000A7	[ 34] _emit_native_label_assign
0x10001DBD9	0x0000014C	[ 34] _emit_native_import
0x10001DD25	0x000000A0	[ 34] _emit_native_load_const_tok
0x10001DDC5	0x00000047	[ 34] _emit_native_load_const_small_int
0x10001DE0C	0x00000066	[ 34] _emit_native_load_const_str
0x10001DE72	0x00000061	[ 34] _emit_native_load_const_obj
0x10001DED3	0x00000049	[ 34] _emit_native_load_null
0x10001DF1C	0x000000A8	[ 34] _emit_native_load_method
0x10001DFC4	0x00000066	[ 34] _emit_native_load_build_class
0x10001E02A	0x00000872	[ 34] _emit_native_subscr
0x10001E89C	0x000001C5	[ 34] _emit_native_attr
0x10001EA61	0x0000004F	[ 34] _emit_native_dup_top
0x10001EAB0	0x0000010C	[ 34] _emit_native_dup_top_two
0x10001EBBC	0x00000011	[ 34] _emit_native_pop_top
0x10001EBCD	0x00000048	[ 34] _emit_native_rot_two
0x10001EC15	0x000000FA	[ 34] _emit_native_rot_three
0x10001ED0F	0x00000030	[ 34] _emit_native_jump
0x10001ED3F	0x0000000F	[ 34] _emit_native_pop_jump_if
0x10001ED4E	0x0000000C	[ 34] _emit_native_jump_if_or_pop
0x10001ED5A	0x00000159	[ 34] _emit_native_unwind_jump
0x10001EEB3	0x0000021B	[ 34] _emit_native_setup_block
0x10001F0CE	0x00000300	[ 34] _emit_native_with_cleanup
0x10001F3CE	0x00000131	[ 34] _emit_native_async_with_setup_finally
0x10001F4FF	0x0000013B	[ 34] _emit_native_end_finally
0x10001F63A	0x000000F7	[ 34] _emit_native_get_iter
0x10001F731	0x000000A6	[ 34] _emit_native_for_iter
0x10001F7D7	0x00000011	[ 34] _emit_native_for_iter_end
0x10001F7E8	0x00000067	[ 34] _emit_native_pop_except_jump
0x10001F84F	0x00000231	[ 34] _emit_native_unary_op
0x10001FA80	0x0000053C	[ 34] _emit_native_binary_op
0x10001FFBC	0x0000016F	[ 34] _emit_native_build
0x10002012B	0x000000B7	[ 34] _emit_native_store_map
0x1000201E2	0x00000117	[ 34] _emit_native_store_comp
0x1000202F9	0x0000006C	[ 34] _emit_native_unpack_sequence
0x100020365	0x00000082	[ 34] _emit_native_unpack_ex
0x1000203E7	0x000000E8	[ 34] _emit_native_make_function
0x1000204CF	0x00000150	[ 34] _emit_native_make_closure
0x10002061F	0x0000020D	[ 34] _emit_native_call_function
0x10002082C	0x000000B1	[ 34] _emit_native_call_method
0x1000208DD	0x000001D7	[ 34] _emit_native_return_value
0x100020AB4	0x0000008F	[ 34] _emit_native_raise_varargs
0x100020B43	0x0000031D	[ 34] _emit_native_yield
0x100020E60	0x00000068	[ 34] _emit_native_start_except_handler
0x100020EC8	0x00000006	[ 34] _emit_native_end_except_handler
0x100020ECE	0x0000004A	[ 34] _emit_call_with_imm_arg
0x100020F18	0x00000035	[ 34] _emit_native_mov_state_reg
0x100020F4D	0x000003F0	[ 34] _emit_native_global_exc_entry
0x10002133D	0x00000061	[ 34] _need_reg_all
0x10002139E	0x00000033	[ 34] _emit_native_mov_reg_state
0x1000213D1	0x0000003C	[ 34] _ensure_extra_stack
0x10002140D	0x0000003B	[ 34] _adjust_stack
0x100021448	0x000000CF	[ 34] _emit_native_load_fast
0x100021517	0x0000004F	[ 34] _emit_post_push_reg
0x100021566	0x0000007C	[ 34] _need_reg_single
0x1000215E2	0x00000076	[ 34] _emit_pre_pop_reg_flexible
0x100021658	0x000000A3	[ 34] _emit_access_stack
0x1000216FB	0x000000B7	[ 34] _load_reg_stack_imm
0x1000217B2	0x0000006D	[ 34] _emit_call_with_qstr_arg
0x10002181F	0x000000FE	[ 34] _emit_native_store_fast
0x10002191D	0x0000007B	[ 34] _need_stack_settled
0x100021998	0x0000008F	[ 34] _emit_native_leave_exc_stack
0x100021A27	0x0000005C	[ 34] _emit_pre_pop_reg_reg
0x100021A83	0x00000082	[ 34] _emit_load_reg_with_object
0x100021B05	0x00000144	[ 34] _emit_get_stack_pointer_to_reg_for_pop
0x100021C49	0x0000007F	[ 34] _emit_get_stack_pointer_to_reg_for_push
0x100021CC8	0x00000054	[ 34] _emit_native_mov_reg_state_addr
0x100021D1C	0x0000008E	[ 34] _emit_pre_pop_reg_reg_reg
0x100021DAA	0x00000095	[ 34] _emit_post_push_reg_reg
0x100021E3F	0x00000194	[ 34] _emit_native_jump_helper
0x100021FD3	0x0000009B	[ 34] _emit_native_push_exc_stack
0x10002206E	0x0000005F	[ 34] _emit_call_with_2_imm_args
0x1000220CD	0x00000078	[ 34] _emit_load_reg_with_child
0x100022145	0x0000005E	[ 34] _emit_fold_stack_top
0x1000221A4	0x00000054	[ 35] _emit_inline_thumb_new
0x1000221F8	0x0000002A	[ 35] _emit_inline_thumb_free
0x100022222	0x00000050	[ 35] _emit_inline_thumb_start_pass
0x100022272	0x0000000A	[ 35] _emit_inline_thumb_end_pass
0x10002227C	0x000000C1	[ 35] _emit_inline_thumb_count_params
0x10002233D	0x00000048	[ 35] _emit_inline_thumb_label
0x100022385	0x0000106B	[ 35] _emit_inline_thumb_op
0x1000233F0	0x000000AD	[ 35] _get_arg_vfpreg
0x10002349D	0x000000CB	[ 35] _get_arg_reg
0x100023568	0x00000083	[ 35] _get_arg_addr
0x1000235EB	0x00000080	[ 35] _get_arg_i
0x10002366B	0x00000077	[ 35] _get_arg_label
0x1000236E2	0x00000167	[ 35] _get_arg_reglist
0x100023849	0x000000AD	[ 35] _get_arg_special_reg
0x1000238F6	0x000000AF	[ 36] _asm_arm_entry
0x1000239A5	0x00000071	[ 36] _asm_arm_mov_reg_i32_optimised
0x100023A16	0x0000008E	[ 36] _asm_arm_exit
0x100023AA4	0x0000002E	[ 36] _asm_arm_mov_reg_reg
0x100023AD2	0x0000006D	[ 36] _asm_arm_mov_reg_i32
0x100023B3F	0x00000032	[ 36] _asm_arm_mov_local_reg
0x100023B71	0x00000032	[ 36] _asm_arm_mov_reg_local
0x100023BA3	0x00000031	[ 36] _asm_arm_cmp_reg_i8
0x100023BD4	0x0000002E	[ 36] _asm_arm_cmp_reg_reg
0x100023C02	0x00000060	[ 36] _asm_arm_setcc_reg
0x100023C62	0x0000002E	[ 36] _asm_arm_mvn_reg_reg
0x100023C90	0x00000041	[ 36] _asm_arm_add_reg_reg_reg
0x100023CD1	0x00000044	[ 36] _asm_arm_rsb_reg_reg_imm
0x100023D15	0x00000041	[ 36] _asm_arm_sub_reg_reg_reg
0x100023D56	0x0000004A	[ 36] _asm_arm_mul_reg_reg_reg
0x100023DA0	0x00000041	[ 36] _asm_arm_and_reg_reg_reg
0x100023DE1	0x00000041	[ 36] _asm_arm_eor_reg_reg_reg
0x100023E22	0x00000041	[ 36] _asm_arm_orr_reg_reg_reg
0x100023E63	0x0000007A	[ 36] _asm_arm_mov_reg_local_addr
0x100023EDD	0x000000A8	[ 36] _asm_arm_mov_reg_pcrel
0x100023F85	0x00000036	[ 36] _asm_arm_lsl_reg_reg
0x100023FBB	0x00000036	[ 36] _asm_arm_lsr_reg_reg
0x100023FF1	0x00000036	[ 36] _asm_arm_asr_reg_reg
0x100024027	0x00000082	[ 36] _asm_arm_ldr_reg_reg_offset
0x1000240A9	0x0000005C	[ 36] _asm_arm_ldrh_reg_reg_reg
0x100024105	0x00000099	[ 36] _asm_arm_ldrh_reg_reg_offset
0x10002419E	0x00000041	[ 36] _asm_arm_ldrb_reg_reg_reg
0x1000241DF	0x00000082	[ 36] _asm_arm_ldrb_reg_reg_offset
0x100024261	0x00000041	[ 36] _asm_arm_ldr_reg_reg_reg
0x1000242A2	0x00000082	[ 36] _asm_arm_str_reg_reg_offset
0x100024324	0x00000099	[ 36] _asm_arm_strh_reg_reg_offset
0x1000243BD	0x00000082	[ 36] _asm_arm_strb_reg_reg_offset
0x10002443F	0x00000041	[ 36] _asm_arm_str_reg_reg_reg
0x100024480	0x0000005C	[ 36] _asm_arm_strh_reg_reg_reg
0x1000244DC	0x00000041	[ 36] _asm_arm_strb_reg_reg_reg
0x10002451D	0x0000007C	[ 36] _asm_arm_bcc_label
0x100024599	0x00000011	[ 36] _asm_arm_b_label
0x1000245AA	0x0000004E	[ 36] _asm_arm_bl_ind
0x1000245F8	0x00000026	[ 36] _asm_arm_bx_reg
0x100024620	0x0000008A	[ 37] _emit_native_arm_new
0x1000246AA	0x0000004C	[ 37] _emit_native_arm_free
0x1000246F6	0x00000863	[ 37] _emit_native_start_pass
0x100024F59	0x000004B2	[ 37] _emit_native_end_pass
0x10002540B	0x00000060	[ 37] _emit_native_adjust_stack_size
0x10002546B	0x00000006	[ 37] _emit_native_set_source_line
0x100025471	0x000000D3	[ 37] _emit_native_load_local
0x100025544	0x000000B4	[ 37] _emit_native_load_global
0x1000255F8	0x000000D2	[ 37] _emit_native_store_local
0x1000256CA	0x00000109	[ 37] _emit_native_store_global
0x1000257D3	0x0000006A	[ 37] _emit_native_delete_local
0x10002583D	0x00000015	[ 37] _emit_native_delete_global
0x100025852	0x000000A7	[ 37] _emit_native_label_assign
0x1000258F9	0x0000014C	[ 37] _emit_native_import
0x100025A45	0x000000A0	[ 37] _emit_native_load_const_tok
0x100025AE5	0x00000047	[ 37] _emit_native_load_const_small_int
0x100025B2C	0x00000066	[ 37] _emit_native_load_const_str
0x100025B92	0x00000061	[ 37] _emit_native_load_const_obj
0x100025BF3	0x00000049	[ 37] _emit_native_load_null
0x100025C3C	0x000000A8	[ 37] _emit_native_load_method
0x100025CE4	0x00000066	[ 37] _emit_native_load_build_class
0x100025D4A	0x0000078E	[ 37] _emit_native_subscr
0x1000264D8	0x000001C5	[ 37] _emit_native_attr
0x10002669D	0x0000004F	[ 37] _emit_native_dup_top
0x1000266EC	0x0000010C	[ 37] _emit_native_dup_top_two
0x1000267F8	0x00000011	[ 37] _emit_native_pop_top
0x100026809	0x00000048	[ 37] _emit_native_rot_two
0x100026851	0x000000FA	[ 37] _emit_native_rot_three
0x10002694B	0x00000030	[ 37] _emit_native_jump
0x10002697B	0x0000000F	[ 37] _emit_native_pop_jump_if
0x10002698A	0x0000000C	[ 37] _emit_native_jump_if_or_pop
0x100026996	0x00000156	[ 37] _emit_native_unwind_jump
0x100026AEC	0x0000021B	[ 37] _emit_native_setup_block
0x100026D07	0x000002F8	[ 37] _emit_native_with_cleanup
0x100026FFF	0x00000130	[ 37] _emit_native_async_with_setup_finally
0x10002712F	0x00000137	[ 37] _emit_native_end_finally
0x100027266	0x000000F7	[ 37] _emit_native_get_iter
0x10002735D	0x000000A5	[ 37] _emit_native_for_iter
0x100027402	0x00000011	[ 37] _emit_native_for_iter_end
0x100027413	0x00000067	[ 37] _emit_native_pop_except_jump
0x10002747A	0x00000236	[ 37] _emit_native_unary_op
0x1000276B0	0x000004D0	[ 37] _emit_native_binary_op
0x100027B80	0x00000169	[ 37] _emit_native_build
0x100027CE9	0x000000B7	[ 37] _emit_native_store_map
0x100027DA0	0x00000117	[ 37] _emit_native_store_comp
0x100027EB7	0x0000006C	[ 37] _emit_native_unpack_sequence
0x100027F23	0x00000082	[ 37] _emit_native_unpack_ex
0x100027FA5	0x000000E2	[ 37] _emit_native_make_function
0x100028087	0x0000014A	[ 37] _emit_native_make_closure
0x1000281D1	0x0000020D	[ 37] _emit_native_call_function
0x1000283DE	0x000000B1	[ 37] _emit_native_call_method
0x10002848F	0x000001D1	[ 37] _emit_native_return_value
0x100028660	0x0000008F	[ 37] _emit_native_raise_varargs
0x1000286EF	0x0000031C	[ 37] _emit_native_yield
0x100028A0B	0x00000068	[ 37] _emit_native_start_except_handler
0x100028A73	0x00000006	[ 37] _emit_native_end_except_handler
0x100028A79	0x0000004A	[ 37] _emit_call_with_imm_arg
0x100028AC3	0x00000032	[ 37] _emit_native_mov_state_reg
0x100028AF5	0x000003D4	[ 37] _emit_native_global_exc_entry
0x100028EC9	0x00000061	[ 37] _need_reg_all
0x100028F2A	0x00000030	[ 37] _emit_native_mov_reg_state
0x100028F5A	0x0000003C	[ 37] _ensure_extra_stack
0x100028F96	0x0000003B	[ 37] _adjust_stack
0x100028FD1	0x000000CF	[ 37] _emit_native_load_fast
0x1000290A0	0x0000004F	[ 37] _emit_post_push_reg
0x1000290EF	0x0000007C	[ 37] _need_reg_single
0x10002916B	0x00000076	[ 37] _emit_pre_pop_reg_flexible
0x1000291E1	0x000000A3	[ 37] _emit_access_stack
0x100029284	0x000000B0	[ 37] _load_reg_stack_imm
0x100029334	0x00000069	[ 37] _emit_call_with_qstr_arg
0x10002939D	0x000000FE	[ 37] _emit_native_store_fast
0x10002949B	0x0000007B	[ 37] _need_stack_settled
0x100029516	0x0000008C	[ 37] _emit_native_leave_exc_stack
0x1000295A2	0x0000005C	[ 37] _emit_pre_pop_reg_reg
0x1000295FE	0x00000074	[ 37] _emit_load_reg_with_object
0x100029672	0x00000144	[ 37] _emit_get_stack_pointer_to_reg_for_pop
0x1000297B6	0x0000007F	[ 37] _emit_get_stack_pointer_to_reg_for_push
0x100029835	0x0000004E	[ 37] _emit_native_mov_reg_state_addr
0x100029883	0x0000008E	[ 37] _emit_pre_pop_reg_reg_reg
0x100029911	0x00000095	[ 37] _emit_post_push_reg_reg
0x1000299A6	0x00000198	[ 37] _emit_native_jump_helper
0x100029B3E	0x0000009B	[ 37] _emit_native_push_exc_stack
0x100029BD9	0x0000005F	[ 37] _emit_call_with_2_imm_args
0x100029C38	0x00000070	[ 37] _emit_load_reg_with_child
0x100029CA8	0x0000005E	[ 37] _emit_fold_stack_top
0x100029D06	0x00000013	[ 38] _asm_xtensa_end_pass
0x100029D19	0x00000120	[ 38] _asm_xtensa_entry
0x100029E39	0x000000EF	[ 38] _asm_xtensa_exit
0x100029F28	0x000000AA	[ 38] _asm_xtensa_entry_win
0x100029FD2	0x0000003B	[ 38] _asm_xtensa_exit_win
0x10002A00D	0x00000021	[ 38] _asm_xtensa_op16
0x10002A02E	0x00000029	[ 38] _asm_xtensa_op24
0x10002A057	0x0000004E	[ 38] _asm_xtensa_j_label
0x10002A0A5	0x0000011F	[ 38] _asm_xtensa_bccz_reg_label
0x10002A1C4	0x00000044	[ 38] _calculate_branch_displacement
0x10002A208	0x00000129	[ 38] _asm_xtensa_bcc_reg_reg_label
0x10002A331	0x00000095	[ 38] _asm_xtensa_setcc_reg_reg_reg
0x10002A3C6	0x00000092	[ 38] _asm_xtensa_mov_reg_i32
0x10002A458	0x00000095	[ 38] _asm_xtensa_mov_reg_i32_optimised
0x10002A4ED	0x0000003F	[ 38] _asm_xtensa_mov_local_reg
0x10002A52C	0x0000003F	[ 38] _asm_xtensa_mov_reg_local
0x10002A56B	0x000000BC	[ 38] _asm_xtensa_mov_reg_local_addr
0x10002A627	0x000000E2	[ 38] _asm_xtensa_mov_reg_pcrel
0x10002A709	0x000000F4	[ 38] _asm_xtensa_l32i_optimised
0x10002A7FD	0x00000175	[ 38] _asm_xtensa_load_reg_reg_offset
0x10002A972	0x00000169	[ 38] _asm_xtensa_store_reg_reg_offset
0x10002AADB	0x00000039	[ 38] _asm_xtensa_call_ind
0x10002AB14	0x0000003C	[ 38] _asm_xtensa_call_ind_win
0x10002AB50	0x000000A8	[ 38] _asm_xtensa_bit_branch
0x10002ABF8	0x000000C4	[ 38] _asm_xtensa_call0
0x10002ACBC	0x000000D3	[ 38] _asm_xtensa_l32r
0x10002AD90	0x0000008A	[ 39] _emit_native_xtensa_new
0x10002AE1A	0x0000004C	[ 39] _emit_native_xtensa_free
0x10002AE66	0x000008A8	[ 39] _emit_native_start_pass
0x10002B70E	0x000004A8	[ 39] _emit_native_end_pass
0x10002BBB6	0x00000060	[ 39] _emit_native_adjust_stack_size
0x10002BC16	0x00000006	[ 39] _emit_native_set_source_line
0x10002BC1C	0x000000E2	[ 39] _emit_native_load_local
0x10002BCFE	0x000000B7	[ 39] _emit_native_load_global
0x10002BDB5	0x000000DB	[ 39] _emit_native_store_local
0x10002BE90	0x0000010D	[ 39] _emit_native_store_global
0x10002BF9D	0x0000006A	[ 39] _emit_native_delete_local
0x10002C007	0x00000018	[ 39] _emit_native_delete_global
0x10002C01F	0x000000AD	[ 39] _emit_native_label_assign
0x10002C0CC	0x00000150	[ 39] _emit_native_import
0x10002C21C	0x000000A0	[ 39] _emit_native_load_const_tok
0x10002C2BC	0x00000047	[ 39] _emit_native_load_const_small_int
0x10002C303	0x00000069	[ 39] _emit_native_load_const_str
0x10002C36C	0x00000064	[ 39] _emit_native_load_const_obj
0x10002C3D0	0x00000049	[ 39] _emit_native_load_null
0x10002C419	0x000000AE	[ 39] _emit_native_load_method
0x10002C4C7	0x00000061	[ 39] _emit_native_load_build_class
0x10002C528	0x00000844	[ 39] _emit_native_subscr
0x10002CD6C	0x000001C8	[ 39] _emit_native_attr
0x10002CF34	0x0000004F	[ 39] _emit_native_dup_top
0x10002CF83	0x00000113	[ 39] _emit_native_dup_top_two
0x10002D096	0x00000011	[ 39] _emit_native_pop_top
0x10002D0A7	0x0000004E	[ 39] _emit_native_rot_two
0x10002D0F5	0x00000103	[ 39] _emit_native_rot_three
0x10002D1F8	0x00000030	[ 39] _emit_native_jump
0x10002D228	0x0000000F	[ 39] _emit_native_pop_jump_if
0x10002D237	0x0000000C	[ 39] _emit_native_jump_if_or_pop
0x10002D243	0x00000167	[ 39] _emit_native_unwind_jump
0x10002D3AA	0x00000221	[ 39] _emit_native_setup_block
0x10002D5CB	0x000002EF	[ 39] _emit_native_with_cleanup
0x10002D8BA	0x00000128	[ 39] _emit_native_async_with_setup_finally
0x10002D9E2	0x00000130	[ 39] _emit_native_end_finally
0x10002DB12	0x000000F0	[ 39] _emit_native_get_iter
0x10002DC02	0x00000098	[ 39] _emit_native_for_iter
0x10002DC9A	0x00000011	[ 39] _emit_native_for_iter_end
0x10002DCAB	0x0000006D	[ 39] _emit_native_pop_except_jump
0x10002DD18	0x000002A4	[ 39] _emit_native_unary_op
0x10002DFBC	0x00000518	[ 39] _emit_native_binary_op
0x10002E4D4	0x00000170	[ 39] _emit_native_build
0x10002E644	0x000000B2	[ 39] _emit_native_store_map
0x10002E6F6	0x00000111	[ 39] _emit_native_store_comp
0x10002E807	0x0000006F	[ 39] _emit_native_unpack_sequence
0x10002E876	0x00000085	[ 39] _emit_native_unpack_ex
0x10002E8FB	0x000000E3	[ 39] _emit_native_make_function
0x10002E9DE	0x00000146	[ 39] _emit_native_make_closure
0x10002EB24	0x00000219	[ 39] _emit_native_call_function
0x10002ED3D	0x000000B1	[ 39] _emit_native_call_method
0x10002EDEE	0x000001EC	[ 39] _emit_native_return_value
0x10002EFDA	0x0000008D	[ 39] _emit_native_raise_varargs
0x10002F067	0x00000325	[ 39] _emit_native_yield
0x10002F38C	0x0000006B	[ 39] _emit_native_start_except_handler
0x10002F3F7	0x00000006	[ 39] _emit_native_end_except_handler
0x10002F3FD	0x00000045	[ 39] _emit_call_with_imm_arg
0x10002F442	0x00000038	[ 39] _emit_native_mov_state_reg
0x10002F47A	0x000003D7	[ 39] _emit_native_global_exc_entry
0x10002F851	0x00000061	[ 39] _need_reg_all
0x10002F8B2	0x00000036	[ 39] _emit_native_mov_reg_state
0x10002F8E8	0x0000003C	[ 39] _ensure_extra_stack
0x10002F924	0x0000003B	[ 39] _adjust_stack
0x10002F95F	0x000000D8	[ 39] _emit_native_load_fast
0x10002FA37	0x0000004F	[ 39] _emit_post_push_reg
0x10002FA86	0x0000007C	[ 39] _need_reg_single
0x10002FB02	0x00000076	[ 39] _emit_pre_pop_reg_flexible
0x10002FB78	0x000000AF	[ 39] _emit_access_stack
0x10002FC27	0x000000B7	[ 39] _load_reg_stack_imm
0x10002FCDE	0x00000068	[ 39] _emit_call_with_qstr_arg
0x10002FD46	0x00000104	[ 39] _emit_native_store_fast
0x10002FE4A	0x0000007B	[ 39] _need_stack_settled
0x10002FEC5	0x00000091	[ 39] _emit_native_leave_exc_stack
0x10002FF56	0x0000005C	[ 39] _emit_pre_pop_reg_reg
0x10002FFB2	0x00000097	[ 39] _emit_load_reg_with_object
0x100030049	0x0000014A	[ 39] _emit_get_stack_pointer_to_reg_for_pop
0x100030193	0x0000007F	[ 39] _emit_get_stack_pointer_to_reg_for_push
0x100030212	0x0000005B	[ 39] _emit_native_mov_reg_state_addr
0x10003026D	0x0000008E	[ 39] _emit_pre_pop_reg_reg_reg
0x1000302FB	0x00000095	[ 39] _emit_post_push_reg_reg
0x100030390	0x00000181	[ 39] _emit_native_jump_helper
0x100030511	0x000000A1	[ 39] _emit_native_push_exc_stack
0x1000305B2	0x0000005D	[ 39] _emit_call_with_2_imm_args
0x10003060F	0x00000087	[ 39] _emit_load_reg_with_child
0x100030696	0x00000067	[ 39] _emit_fold_stack_top
0x100030700	0x00000058	[ 40] _emit_inline_xtensa_new
0x100030758	0x0000002A	[ 40] _emit_inline_xtensa_free
0x100030782	0x00000050	[ 40] _emit_inline_xtensa_start_pass
0x1000307D2	0x0000001C	[ 40] _emit_inline_xtensa_end_pass
0x1000307EE	0x000000C1	[ 40] _emit_inline_xtensa_count_params
0x1000308AF	0x00000048	[ 40] _emit_inline_xtensa_label
0x1000308F7	0x00000BC9	[ 40] _emit_inline_xtensa_op
0x1000314C0	0x00000064	[ 40] _get_arg_reg
0x100031524	0x00000077	[ 40] _get_arg_label
0x10003159B	0x00000099	[ 40] _get_arg_i
0x100031634	0x0000008A	[ 41] _emit_native_xtensawin_new
0x1000316BE	0x0000004C	[ 41] _emit_native_xtensawin_free
0x10003170A	0x000008D2	[ 41] _emit_native_start_pass
0x100031FDC	0x000004A8	[ 41] _emit_native_end_pass
0x100032484	0x00000060	[ 41] _emit_native_adjust_stack_size
0x1000324E4	0x00000006	[ 41] _emit_native_set_source_line
0x1000324EA	0x000000E2	[ 41] _emit_native_load_local
0x1000325CC	0x000000B7	[ 41] _emit_native_load_global
0x100032683	0x000000DB	[ 41] _emit_native_store_local
0x10003275E	0x0000010D	[ 41] _emit_native_store_global
0x10003286B	0x0000006A	[ 41] _emit_native_delete_local
0x1000328D5	0x00000018	[ 41] _emit_native_delete_global
0x1000328ED	0x000000AD	[ 41] _emit_native_label_assign
0x10003299A	0x00000150	[ 41] _emit_native_import
0x100032AEA	0x000000A0	[ 41] _emit_native_load_const_tok
0x100032B8A	0x00000047	[ 41] _emit_native_load_const_small_int
0x100032BD1	0x00000069	[ 41] _emit_native_load_const_str
0x100032C3A	0x00000064	[ 41] _emit_native_load_const_obj
0x100032C9E	0x00000049	[ 41] _emit_native_load_null
0x100032CE7	0x000000AE	[ 41] _emit_native_load_method
0x100032D95	0x00000061	[ 41] _emit_native_load_build_class
0x100032DF6	0x00000842	[ 41] _emit_native_subscr
0x100033638	0x000001C8	[ 41] _emit_native_attr
0x100033800	0x0000004F	[ 41] _emit_native_dup_top
0x10003384F	0x00000113	[ 41] _emit_native_dup_top_two
0x100033962	0x00000011	[ 41] _emit_native_pop_top
0x100033973	0x0000004E	[ 41] _emit_native_rot_two
0x1000339C1	0x00000103	[ 41] _emit_native_rot_three
0x100033AC4	0x00000030	[ 41] _emit_native_jump
0x100033AF4	0x0000000F	[ 41] _emit_native_pop_jump_if
0x100033B03	0x0000000C	[ 41] _emit_native_jump_if_or_pop
0x100033B0F	0x00000167	[ 41] _emit_native_unwind_jump
0x100033C76	0x00000221	[ 41] _emit_native_setup_block
0x100033E97	0x000002EF	[ 41] _emit_native_with_cleanup
0x100034186	0x00000128	[ 41] _emit_native_async_with_setup_finally
0x1000342AE	0x00000130	[ 41] _emit_native_end_finally
0x1000343DE	0x000000F0	[ 41] _emit_native_get_iter
0x1000344CE	0x00000098	[ 41] _emit_native_for_iter
0x100034566	0x00000011	[ 41] _emit_native_for_iter_end
0x100034577	0x0000006D	[ 41] _emit_native_pop_except_jump
0x1000345E4	0x000002A4	[ 41] _emit_native_unary_op
0x100034888	0x00000518	[ 41] _emit_native_binary_op
0x100034DA0	0x00000170	[ 41] _emit_native_build
0x100034F10	0x000000B2	[ 41] _emit_native_store_map
0x100034FC2	0x00000111	[ 41] _emit_native_store_comp
0x1000350D3	0x0000006F	[ 41] _emit_native_unpack_sequence
0x100035142	0x00000085	[ 41] _emit_native_unpack_ex
0x1000351C7	0x000000E3	[ 41] _emit_native_make_function
0x1000352AA	0x00000146	[ 41] _emit_native_make_closure
0x1000353F0	0x00000219	[ 41] _emit_native_call_function
0x100035609	0x000000B1	[ 41] _emit_native_call_method
0x1000356BA	0x00000218	[ 41] _emit_native_return_value
0x1000358D2	0x0000008D	[ 41] _emit_native_raise_varargs
0x10003595F	0x00000325	[ 41] _emit_native_yield
0x100035C84	0x0000006B	[ 41] _emit_native_start_except_handler
0x100035CEF	0x00000006	[ 41] _emit_native_end_except_handler
0x100035CF5	0x00000045	[ 41] _emit_call_with_imm_arg
0x100035D3A	0x00000037	[ 41] _emit_native_mov_state_reg
0x100035D71	0x00000438	[ 41] _emit_native_global_exc_entry
0x1000361A9	0x00000061	[ 41] _need_reg_all
0x10003620A	0x00000035	[ 41] _emit_native_mov_reg_state
0x10003623F	0x0000003C	[ 41] _ensure_extra_stack
0x10003627B	0x0000003B	[ 41] _adjust_stack
0x1000362B6	0x000000D8	[ 41] _emit_native_load_fast
0x10003638E	0x0000004F	[ 41] _emit_post_push_reg
0x1000363DD	0x0000007C	[ 41] _need_reg_single
0x100036459	0x00000076	[ 41] _emit_pre_pop_reg_flexible
0x1000364CF	0x000000AF	[ 41] _emit_access_stack
0x10003657E	0x000000B7	[ 41] _load_reg_stack_imm
0x100036635	0x00000068	[ 41] _emit_call_with_qstr_arg
0x10003669D	0x00000104	[ 41] _emit_native_store_fast
0x1000367A1	0x0000007B	[ 41] _need_stack_settled
0x10003681C	0x00000091	[ 41] _emit_native_leave_exc_stack
0x1000368AD	0x0000005C	[ 41] _emit_pre_pop_reg_reg
0x100036909	0x00000097	[ 41] _emit_load_reg_with_object
0x1000369A0	0x0000014A	[ 41] _emit_get_stack_pointer_to_reg_for_pop
0x100036AEA	0x0000007F	[ 41] _emit_get_stack_pointer_to_reg_for_push
0x100036B69	0x00000057	[ 41] _emit_native_mov_reg_state_addr
0x100036BC0	0x0000008E	[ 41] _emit_pre_pop_reg_reg_reg
0x100036C4E	0x00000095	[ 41] _emit_post_push_reg_reg
0x100036CE3	0x00000181	[ 41] _emit_native_jump_helper
0x100036E64	0x000000A1	[ 41] _emit_native_push_exc_stack
0x100036F05	0x0000005D	[ 41] _emit_call_with_2_imm_args
0x100036F62	0x00000087	[ 41] _emit_load_reg_with_child
0x100036FE9	0x00000067	[ 41] _emit_fold_stack_top
0x100037050	0x00000021	[ 42] _asm_rv32_emit_word_opcode
0x100037071	0x00000022	[ 42] _asm_rv32_emit_halfword_opcode
0x100037093	0x000000A3	[ 42] _asm_rv32_emit_optimised_load_immediate
0x100037136	0x000000C9	[ 42] _load_full_immediate
0x1000371FF	0x00000105	[ 42] _asm_rv32_entry
0x100037304	0x000000C9	[ 42] _asm_rv32_exit
0x1000373CD	0x00000006	[ 42] _asm_rv32_end_pass
0x1000373D3	0x0000012C	[ 42] _asm_rv32_emit_call_ind
0x1000374FF	0x000000A0	[ 42] _load_upper_immediate
0x10003759F	0x00000184	[ 42] _asm_rv32_emit_jump_if_reg_eq
0x100037723	0x00000223	[ 42] _asm_rv32_emit_jump_if_reg_nonzero
0x100037946	0x0000016F	[ 42] _asm_rv32_emit_mov_local_reg
0x100037AB5	0x00000143	[ 42] _asm_rv32_emit_mov_reg_local
0x100037BF8	0x00000100	[ 42] _asm_rv32_emit_mov_reg_local_addr
0x100037CF8	0x000001CC	[ 42] _asm_rv32_emit_load_reg_reg_offset
0x100037EC4	0x00000127	[ 42] _asm_rv32_emit_jump
0x100037FEB	0x000001C5	[ 42] _asm_rv32_emit_store_reg_reg_offset
0x1000381B0	0x000000BF	[ 42] _asm_rv32_emit_mov_reg_pcrel
0x10003826F	0x0000007A	[ 42] _asm_rv32_emit_optimised_xor
0x1000382E9	0x00000040	[ 42] _asm_rv32_emit_load_reg_reg_reg
0x100038329	0x000000F9	[ 42] _asm_rv32_fix_up_scaled_reg_reg_reg
0x100038422	0x00000040	[ 42] _asm_rv32_emit_store_reg_reg_reg
0x100038462	0x0000009C	[ 42] _asm_rv32_meta_comparison_eq
0x1000384FE	0x000000A1	[ 42] _asm_rv32_meta_comparison_ne
0x10003859F	0x0000007C	[ 42] _asm_rv32_meta_comparison_lt
0x10003861B	0x00000055	[ 42] _asm_rv32_meta_comparison_le
0x100038670	0x000000B3	[ 42] _adjust_stack
0x100038724	0x0000008A	[ 43] _emit_native_rv32_new
0x1000387AE	0x0000004C	[ 43] _emit_native_rv32_free
0x1000387FA	0x000008A5	[ 43] _emit_native_start_pass
0x10003909F	0x000004A9	[ 43] _emit_native_end_pass
0x100039548	0x00000060	[ 43] _emit_native_adjust_stack_size
0x1000395A8	0x00000006	[ 43] _emit_native_set_source_line
0x1000395AE	0x000000E2	[ 43] _emit_native_load_local
0x100039690	0x000000B7	[ 43] _emit_native_load_global
0x100039747	0x000000DB	[ 43] _emit_native_store_local
0x100039822	0x0000010D	[ 43] _emit_native_store_global
0x10003992F	0x0000006A	[ 43] _emit_native_delete_local
0x100039999	0x00000018	[ 43] _emit_native_delete_global
0x1000399B1	0x000000AD	[ 43] _emit_native_label_assign
0x100039A5E	0x00000150	[ 43] _emit_native_import
0x100039BAE	0x000000A0	[ 43] _emit_native_load_const_tok
0x100039C4E	0x00000047	[ 43] _emit_native_load_const_small_int
0x100039C95	0x00000069	[ 43] _emit_native_load_const_str
0x100039CFE	0x00000064	[ 43] _emit_native_load_const_obj
0x100039D62	0x00000049	[ 43] _emit_native_load_null
0x100039DAB	0x000000AE	[ 43] _emit_native_load_method
0x100039E59	0x00000061	[ 43] _emit_native_load_build_class
0x100039EBA	0x000007BA	[ 43] _emit_native_subscr
0x10003A674	0x000001CD	[ 43] _emit_native_attr
0x10003A841	0x0000004F	[ 43] _emit_native_dup_top
0x10003A890	0x00000113	[ 43] _emit_native_dup_top_two
0x10003A9A3	0x00000011	[ 43] _emit_native_pop_top
0x10003A9B4	0x0000004E	[ 43] _emit_native_rot_two
0x10003AA02	0x00000103	[ 43] _emit_native_rot_three
0x10003AB05	0x00000031	[ 43] _emit_native_jump
0x10003AB36	0x0000000F	[ 43] _emit_native_pop_jump_if
0x10003AB45	0x0000000C	[ 43] _emit_native_jump_if_or_pop
0x10003AB51	0x0000016E	[ 43] _emit_native_unwind_jump
0x10003ACBF	0x00000221	[ 43] _emit_native_setup_block
0x10003AEE0	0x000002D9	[ 43] _emit_native_with_cleanup
0x10003B1B9	0x00000129	[ 43] _emit_native_async_with_setup_finally
0x10003B2E2	0x00000131	[ 43] _emit_native_end_finally
0x10003B413	0x000000F0	[ 43] _emit_native_get_iter
0x10003B503	0x00000098	[ 43] _emit_native_for_iter
0x10003B59B	0x00000011	[ 43] _emit_native_for_iter_end
0x10003B5AC	0x00000057	[ 43] _emit_native_pop_except_jump
0x10003B603	0x00000261	[ 43] _emit_native_unary_op
0x10003B864	0x00000588	[ 43] _emit_native_binary_op
0x10003BDEC	0x00000170	[ 43] _emit_native_build
0x10003BF5C	0x000000B2	[ 43] _emit_native_store_map
0x10003C00E	0x00000111	[ 43] _emit_native_store_comp
0x10003C11F	0x0000006F	[ 43] _emit_native_unpack_sequence
0x10003C18E	0x00000085	[ 43] _emit_native_unpack_ex
0x10003C213	0x000000E3	[ 43] _emit_native_make_function
0x10003C2F6	0x00000146	[ 43] _emit_native_make_closure
0x10003C43C	0x00000219	[ 43] _emit_native_call_function
0x10003C655	0x000000B1	[ 43] _emit_native_call_method
0x10003C706	0x000001F7	[ 43] _emit_native_return_value
0x10003C8FD	0x0000008D	[ 43] _emit_native_raise_varargs
0x10003C98A	0x0000030F	[ 43] _emit_native_yield
0x10003CC99	0x0000006B	[ 43] _emit_native_start_except_handler
0x10003CD04	0x00000006	[ 43] _emit_native_end_except_handler
0x10003CD0A	0x00000045	[ 43] _emit_call_with_imm_arg
0x10003CD4F	0x0000003A	[ 43] _emit_native_mov_state_reg
0x10003CD89	0x00000397	[ 43] _emit_native_global_exc_entry
0x10003D120	0x00000061	[ 43] _need_reg_all
0x10003D181	0x00000037	[ 43] _emit_native_mov_reg_state
0x10003D1B8	0x0000003C	[ 43] _ensure_extra_stack
0x10003D1F4	0x0000003B	[ 43] _adjust_stack
0x10003D22F	0x000000D8	[ 43] _emit_native_load_fast
0x10003D307	0x0000004F	[ 43] _emit_post_push_reg
0x10003D356	0x0000007C	[ 43] _need_reg_single
0x10003D3D2	0x00000076	[ 43] _emit_pre_pop_reg_flexible
0x10003D448	0x000000B5	[ 43] _emit_access_stack
0x10003D4FD	0x000000CD	[ 43] _load_reg_stack_imm
0x10003D5CA	0x0000006B	[ 43] _emit_call_with_qstr_arg
0x10003D635	0x00000104	[ 43] _emit_native_store_fast
0x10003D739	0x0000007B	[ 43] _need_stack_settled
0x10003D7B4	0x0000009A	[ 43] _emit_native_leave_exc_stack
0x10003D84E	0x0000005C	[ 43] _emit_pre_pop_reg_reg
0x10003D8AA	0x00000097	[ 43] _emit_load_reg_with_object
0x10003D941	0x0000014A	[ 43] _emit_get_stack_pointer_to_reg_for_pop
0x10003DA8B	0x0000007F	[ 43] _emit_get_stack_pointer_to_reg_for_push
0x10003DB0A	0x0000005D	[ 43] _emit_native_mov_reg_state_addr
0x10003DB67	0x0000008E	[ 43] _emit_pre_pop_reg_reg_reg
0x10003DBF5	0x00000095	[ 43] _emit_post_push_reg_reg
0x10003DC8A	0x00000175	[ 43] _emit_native_jump_helper
0x10003DDFF	0x000000A0	[ 43] _emit_native_push_exc_stack
0x10003DE9F	0x0000005E	[ 43] _emit_call_with_2_imm_args
0x10003DEFD	0x00000087	[ 43] _emit_load_reg_with_child
0x10003DF84	0x00000067	[ 43] _emit_fold_stack_top
0x10003DFEC	0x00000054	[ 44] _emit_inline_rv32_new
0x10003E040	0x0000002A	[ 44] _emit_inline_rv32_free
0x10003E06A	0x00000046	[ 44] _emit_inline_rv32_start_pass
0x10003E0B0	0x00000021	[ 44] _emit_inline_rv32_end_pass
0x10003E0D1	0x00000094	[ 44] _emit_inline_rv32_count_params
0x10003E165	0x0000003F	[ 44] _emit_inline_rv32_label
0x10003E1A4	0x0000044C	[ 44] _emit_inline_rv32_opcode
0x10003E5F0	0x00000017	[ 44] _asm_rv32_opcode_cjr
0x10003E607	0x00000399	[ 44] _serialise_argument
0x10003E9A0	0x00000024	[ 44] _asm_rv32_opcode_add
0x10003E9C4	0x00000021	[ 44] _asm_rv32_opcode_addi
0x10003E9E5	0x00000027	[ 44] _asm_rv32_opcode_and
0x10003EA0C	0x00000024	[ 44] _asm_rv32_opcode_andi
0x10003EA30	0x0000001D	[ 44] _asm_rv32_opcode_auipc
0x10003EA4D	0x0000004D	[ 44] _asm_rv32_opcode_beq
0x10003EA9A	0x00000050	[ 44] _asm_rv32_opcode_bge
0x10003EAEA	0x00000050	[ 44] _asm_rv32_opcode_bgeu
0x10003EB3A	0x00000050	[ 44] _asm_rv32_opcode_blt
0x10003EB8A	0x00000050	[ 44] _asm_rv32_opcode_bltu
0x10003EBDA	0x00000050	[ 44] _asm_rv32_opcode_bne
0x10003EC2A	0x00000024	[ 44] _asm_rv32_opcode_csrrc
0x10003EC4E	0x00000024	[ 44] _asm_rv32_opcode_csrrs
0x10003EC72	0x00000024	[ 44] _asm_rv32_opcode_csrrw
0x10003EC96	0x00000024	[ 44] _asm_rv32_opcode_csrrci
0x10003ECBA	0x00000024	[ 44] _asm_rv32_opcode_csrrsi
0x10003ECDE	0x00000024	[ 44] _asm_rv32_opcode_csrrwi
0x10003ED02	0x0000001D	[ 44] _asm_rv32_opcode_cadd
0x10003ED1F	0x00000023	[ 44] _asm_rv32_opcode_caddi
0x10003ED42	0x00000034	[ 44] _asm_rv32_opcode_caddi4spn
0x10003ED76	0x0000001D	[ 44] _asm_rv32_opcode_cand
0x10003ED93	0x00000027	[ 44] _asm_rv32_opcode_candi
0x10003EDBA	0x0000004C	[ 44] _asm_rv32_opcode_cbeqz
0x10003EE06	0x0000004C	[ 44] _asm_rv32_opcode_cbnez
0x10003EE52	0x0000000F	[ 44] _asm_rv32_opcode_cebreak
0x10003EE61	0x00000067	[ 44] _asm_rv32_opcode_cj
0x10003EEC8	0x00000067	[ 44] _asm_rv32_opcode_cjal
0x10003EF2F	0x00000017	[ 44] _asm_rv32_opcode_cjalr
0x10003EF46	0x00000027	[ 44] _asm_rv32_opcode_cli
0x10003EF6D	0x0000002B	[ 44] _asm_rv32_opcode_clui
0x10003EF98	0x0000003C	[ 44] _asm_rv32_opcode_clw
0x10003EFD4	0x00000031	[ 44] _asm_rv32_opcode_clwsp
0x10003F005	0x0000001D	[ 44] _asm_rv32_opcode_cmv
0x10003F022	0x0000000F	[ 44] _asm_rv32_opcode_cnop
0x10003F031	0x0000001D	[ 44] _asm_rv32_opcode_cor
0x10003F04E	0x00000024	[ 44] _asm_rv32_opcode_cslli
0x10003F072	0x00000027	[ 44] _asm_rv32_opcode_csrai
0x10003F099	0x00000027	[ 44] _asm_rv32_opcode_csrli
0x10003F0C0	0x0000001D	[ 44] _asm_rv32_opcode_csub
0x10003F0DD	0x0000003C	[ 44] _asm_rv32_opcode_csw
0x10003F119	0x00000027	[ 44] _asm_rv32_opcode_cswsp
0x10003F140	0x0000001D	[ 44] _asm_rv32_opcode_cxor
0x10003F15D	0x00000027	[ 44] _asm_rv32_opcode_div
0x10003F184	0x00000027	[ 44] _asm_rv32_opcode_divu
0x10003F1AB	0x0000000F	[ 44] _asm_rv32_opcode_ebreak
0x10003F1BA	0x0000000F	[ 44] _asm_rv32_opcode_ecall
0x10003F1C9	0x00000046	[ 44] _asm_rv32_opcode_jal
0x10003F20F	0x00000021	[ 44] _asm_rv32_opcode_jalr
0x10003F230	0x0000005F	[ 44] _opcode_la
0x10003F28F	0x00000021	[ 44] _asm_rv32_opcode_lb
0x10003F2B0	0x00000024	[ 44] _asm_rv32_opcode_lbu
0x10003F2D4	0x00000024	[ 44] _asm_rv32_opcode_lh
0x10003F2F8	0x00000024	[ 44] _asm_rv32_opcode_lhu
0x10003F31C	0x0000001D	[ 44] _asm_rv32_opcode_lui
0x10003F339	0x00000024	[ 44] _asm_rv32_opcode_lw
0x10003F35D	0x00000027	[ 44] _asm_rv32_opcode_mul
0x10003F384	0x00000027	[ 44] _asm_rv32_opcode_mulh
0x10003F3AB	0x00000027	[ 44] _asm_rv32_opcode_mulhsu
0x10003F3D2	0x00000027	[ 44] _asm_rv32_opcode_mulhu
0x10003F3F9	0x00000027	[ 44] _asm_rv32_opcode_or
0x10003F420	0x00000024	[ 44] _asm_rv32_opcode_ori
0x10003F444	0x00000027	[ 44] _asm_rv32_opcode_rem
0x10003F46B	0x00000027	[ 44] _asm_rv32_opcode_remu
0x10003F492	0x0000002E	[ 44] _asm_rv32_opcode_sb
0x10003F4C0	0x00000031	[ 44] _asm_rv32_opcode_sh
0x10003F4F1	0x00000027	[ 44] _asm_rv32_opcode_sh1add
0x10003F518	0x00000027	[ 44] _asm_rv32_opcode_sh2add
0x10003F53F	0x00000027	[ 44] _asm_rv32_opcode_sh3add
0x10003F566	0x00000027	[ 44] _asm_rv32_opcode_sll
0x10003F58D	0x00000027	[ 44] _asm_rv32_opcode_slli
0x10003F5B4	0x00000027	[ 44] _asm_rv32_opcode_slt
0x10003F5DB	0x00000024	[ 44] _asm_rv32_opcode_slti
0x10003F5FF	0x00000024	[ 44] _asm_rv32_opcode_sltiu
0x10003F623	0x00000027	[ 44] _asm_rv32_opcode_sltu
0x10003F64A	0x00000027	[ 44] _asm_rv32_opcode_sra
0x10003F671	0x00000027	[ 44] _asm_rv32_opcode_srai
0x10003F698	0x00000027	[ 44] _asm_rv32_opcode_srl
0x10003F6BF	0x00000027	[ 44] _asm_rv32_opcode_srli
0x10003F6E6	0x00000027	[ 44] _asm_rv32_opcode_sub
0x10003F70D	0x00000031	[ 44] _asm_rv32_opcode_sw
0x10003F73E	0x00000027	[ 44] _asm_rv32_opcode_xor
0x10003F765	0x00000024	[ 44] _asm_rv32_opcode_xori
0x10003F789	0x00000045	[ 44] _is_in_signed_mask
0x10003F7D0	0x0000008A	[ 45] _emit_native_debug_new
0x10003F85A	0x0000004C	[ 45] _emit_native_debug_free
0x10003F8A6	0x000009FE	[ 45] _emit_native_start_pass
0x1000402A4	0x000004AF	[ 45] _emit_native_end_pass
0x100040753	0x00000060	[ 45] _emit_native_adjust_stack_size
0x1000407B3	0x00000006	[ 45] _emit_native_set_source_line
0x1000407B9	0x000000DB	[ 45] _emit_native_load_local
0x100040894	0x000000B7	[ 45] _emit_native_load_global
0x10004094B	0x000000DD	[ 45] _emit_native_store_local
0x100040A28	0x00000116	[ 45] _emit_native_store_global
0x100040B3E	0x0000006A	[ 45] _emit_native_delete_local
0x100040BA8	0x00000018	[ 45] _emit_native_delete_global
0x100040BC0	0x000000AD	[ 45] _emit_native_label_assign
0x100040C6D	0x00000150	[ 45] _emit_native_import
0x100040DBD	0x000000A0	[ 45] _emit_native_load_const_tok
0x100040E5D	0x00000047	[ 45] _emit_native_load_const_small_int
0x100040EA4	0x00000069	[ 45] _emit_native_load_const_str
0x100040F0D	0x00000064	[ 45] _emit_native_load_const_obj
0x100040F71	0x00000049	[ 45] _emit_native_load_null
0x100040FBA	0x000000AE	[ 45] _emit_native_load_method
0x100041068	0x00000061	[ 45] _emit_native_load_build_class
0x1000410C9	0x00000A5F	[ 45] _emit_native_subscr
0x100041B28	0x000001DD	[ 45] _emit_native_attr
0x100041D05	0x0000004F	[ 45] _emit_native_dup_top
0x100041D54	0x00000113	[ 45] _emit_native_dup_top_two
0x100041E67	0x00000011	[ 45] _emit_native_pop_top
0x100041E78	0x0000004E	[ 45] _emit_native_rot_two
0x100041EC6	0x00000103	[ 45] _emit_native_rot_three
0x100041FC9	0x00000030	[ 45] _emit_native_jump
0x100041FF9	0x0000000F	[ 45] _emit_native_pop_jump_if
0x100042008	0x0000000C	[ 45] _emit_native_jump_if_or_pop
0x100042014	0x0000015B	[ 45] _emit_native_unwind_jump
0x10004216F	0x00000221	[ 45] _emit_native_setup_block
0x100042390	0x00000321	[ 45] _emit_native_with_cleanup
0x1000426B1	0x00000137	[ 45] _emit_native_async_with_setup_finally
0x1000427E8	0x00000144	[ 45] _emit_native_end_finally
0x10004292C	0x000000F0	[ 45] _emit_native_get_iter
0x100042A1C	0x0000009D	[ 45] _emit_native_for_iter
0x100042AB9	0x00000011	[ 45] _emit_native_for_iter_end
0x100042ACA	0x0000006D	[ 45] _emit_native_pop_except_jump
0x100042B37	0x00000235	[ 45] _emit_native_unary_op
0x100042D6C	0x000004B4	[ 45] _emit_native_binary_op
0x100043220	0x00000172	[ 45] _emit_native_build
0x100043392	0x000000B2	[ 45] _emit_native_store_map
0x100043444	0x00000111	[ 45] _emit_native_store_comp
0x100043555	0x0000006F	[ 45] _emit_native_unpack_sequence
0x1000435C4	0x00000085	[ 45] _emit_native_unpack_ex
0x100043649	0x000000E5	[ 45] _emit_native_make_function
0x10004372E	0x00000148	[ 45] _emit_native_make_closure
0x100043876	0x00000213	[ 45] _emit_native_call_function
0x100043A89	0x000000B1	[ 45] _emit_native_call_method
0x100043B3A	0x000001F9	[ 45] _emit_native_return_value
0x100043D33	0x0000008D	[ 45] _emit_native_raise_varargs
0x100043DC0	0x00000332	[ 45] _emit_native_yield
0x1000440F2	0x00000072	[ 45] _emit_native_start_except_handler
0x100044164	0x00000006	[ 45] _emit_native_end_except_handler
0x10004416A	0x00000056	[ 45] _asm_debug_entry
0x1000441C0	0x00000096	[ 45] _asm_debug_reg_reg_offset
0x100044256	0x0000007F	[ 45] _asm_debug_local_reg
0x1000442D5	0x00000084	[ 45] _asm_debug_reg_reg
0x100044359	0x000000A3	[ 45] _asm_debug_reg_label_bool
0x1000443FC	0x00000083	[ 45] _asm_debug_reg_imm
0x10004447F	0x00000071	[ 45] _asm_debug_fun
0x1000444F0	0x00000045	[ 45] _emit_call_with_imm_arg
0x100044535	0x00000036	[ 45] _emit_native_mov_state_reg
0x10004456B	0x0000007F	[ 45] _asm_debug_reg_local
0x1000445EA	0x00000452	[ 45] _emit_native_global_exc_entry
0x100044A3C	0x00000061	[ 45] _need_reg_all
0x100044A9D	0x0000003F	[ 45] _emit_native_mov_reg_state
0x100044ADC	0x00000080	[ 45] _asm_debug_reg_label
0x100044B5C	0x0000007A	[ 45] _asm_debug_reg
0x100044BD6	0x0000003D	[ 45] _asm_debug_exit
0x100044C13	0x0000003C	[ 45] _ensure_extra_stack
0x100044C4F	0x0000003B	[ 45] _adjust_stack
0x100044C8A	0x000000D8	[ 45] _emit_native_load_fast
0x100044D62	0x0000004F	[ 45] _emit_post_push_reg
0x100044DB1	0x0000007C	[ 45] _need_reg_single
0x100044E2D	0x00000076	[ 45] _emit_pre_pop_reg_flexible
0x100044EA3	0x000000AA	[ 45] _emit_access_stack
0x100044F4D	0x000000C9	[ 45] _load_reg_stack_imm
0x100045016	0x0000006A	[ 45] _emit_call_with_qstr_arg
0x100045080	0x00000104	[ 45] _emit_native_store_fast
0x100045184	0x0000007B	[ 45] _need_stack_settled
0x1000451FF	0x00000091	[ 45] _emit_native_leave_exc_stack
0x100045290	0x0000005C	[ 45] _emit_pre_pop_reg_reg
0x1000452EC	0x000000A0	[ 45] _emit_load_reg_with_object
0x10004538C	0x00000147	[ 45] _emit_get_stack_pointer_to_reg_for_pop
0x1000454D3	0x0000007F	[ 45] _emit_get_stack_pointer_to_reg_for_push
0x100045552	0x0000005E	[ 45] _emit_native_mov_reg_state_addr
0x1000455B0	0x0000008E	[ 45] _emit_pre_pop_reg_reg_reg
0x10004563E	0x00000095	[ 45] _emit_post_push_reg_reg
0x1000456D3	0x00000065	[ 45] _asm_debug_label
0x100045738	0x000001AC	[ 45] _emit_native_jump_helper
0x1000458E4	0x0000009B	[ 45] _emit_native_push_exc_stack
0x10004597F	0x0000005D	[ 45] _emit_call_with_2_imm_args
0x1000459DC	0x0000008A	[ 45] _asm_debug_setcc_reg_reg_reg
0x100045A66	0x00000092	[ 45] _emit_load_reg_with_child
0x100045AF8	0x00000067	[ 45] _emit_fold_stack_top
0x100045B5F	0x000007FF	[ 46] _mp_format_float
0x10004635E	0x00000096	[ 47] _mp_parse_num_base
0x1000463F4	0x000001ED	[ 48] _mp_parse_num_integer
0x1000465E1	0x0000004E	[ 48] _mp_obj_new_exception_arg1
0x10004662F	0x00000034	[ 48] _raise_exc
0x100046663	0x00000052	[ 48] _mp_decimal_exp
0x1000466B5	0x000001E1	[ 48] _mp_parse_float_internal
0x100046896	0x00000230	[ 48] _mp_parse_num_decimal
0x100046AC8	0x00000014	[ 49] _mp_emit_glue_new_raw_code
0x100046ADC	0x00000022	[ 49] _mp_emit_glue_assign_bytecode
0x100046AFE	0x00000056	[ 49] _mp_emit_glue_assign_native
0x100046B54	0x0000027A	[ 50] _mp_raw_code_save
0x100046DCE	0x0000007C	[ 50] _mp_print_uint
0x100046E4A	0x000002C5	[ 50] _save_obj
0x10004710F	0x0000021D	[ 50] _save_raw_code
0x10004732C	0x0000007D	[ 50] _mp_raw_code_save_file
0x1000473A9	0x0000000A	[ 50] _fd_print_strn
0x1000473B4	0x00000069	[ 51] _mp_init
0x10004741D	0x00000006	[ 51] _mp_deinit
0x100047423	0x0000000F	[ 51] _mp_call_function_1_from_nlr_jump_callback
0x100047434	0x00000076	[ 51] _mp_raise_msg_varg
0x1000474AD	0x0000020F	[ 51] _mp_unary_op
0x1000476BC	0x000005BC	[ 51] _mp_binary_op
0x100047C78	0x00000013	[ 51] _mp_raise_ValueError
0x100047C8B	0x00000112	[ 51] _mp_getiter
0x100047D9D	0x0000016C	[ 51] _mp_iternext
0x100047F09	0x00000023	[ 51] _mp_raise_msg
0x100047F2C	0x00000062	[ 51] _mp_call_function_n_kw
0x100047F8E	0x00000021	[ 51] _mp_call_function_1
0x100047FAF	0x0000002E	[ 51] _mp_call_method_n_kw
0x100047FDF	0x000000BF	[ 51] _mp_convert_member_lookup
0x10004809E	0x000000F2	[ 51] _mp_load_method_maybe
0x100048193	0x0000010B	[ 51] _mp_iternext_allow_raise
0x1000482A1	0x00000036	[ 51] _m_malloc_fail
0x1000482D7	0x00000013	[ 51] _mp_raise_TypeError
0x1000482EA	0x00000013	[ 51] _mp_raise_NotImplementedError
0x1000482FD	0x00000011	[ 51] _mp_raise_type_arg
0x10004830E	0x00000040	[ 51] _mp_obj_new_exception_arg1
0x10004834E	0x00000026	[ 51] _mp_raise_StopIteration
0x100048374	0x00000021	[ 51] _mp_raise_TypeError_int_conversion
0x100048395	0x0000001B	[ 51] _mp_raise_OSError
0x1000483B0	0x00000071	[ 51] _mp_raise_OSError_with_filename
0x100048421	0x00000015	[ 51] _mp_raise_recursion_depth
0x100048436	0x00000066	[ 51] _checked_fun_call
0x10004849C	0x00000092	[ 52] _mp_mul_mp_int_t_overflow
0x100048530	0x00000094	[ 54] _mp_native_type_from_qstr
0x1000485C4	0x0000002A	[ 57] _mp_cstack_init_with_sp_here
0x1000485EE	0x0000002A	[ 57] _mp_cstack_check
0x100048618	0x00000082	[ 59] _mp_arg_check_num_sig
0x10004869A	0x00000148	[ 59] _mp_arg_parse_all
0x1000487E2	0x00000054	[ 59] _mp_arg_parse_all_kw_array
0x100048836	0x00000010	[ 59] _mp_arg_error_unimpl_kw
0x100048846	0x0000003C	[ 62] _mp_map_init
0x100048882	0x00000019	[ 62] _mp_map_init_fixed_table
0x10004889B	0x00000031	[ 62] _mp_map_deinit
0x1000488CC	0x00000033	[ 62] _mp_map_clear
0x1000488FF	0x0000023B	[ 62] _mp_map_lookup
0x100048B3A	0x000000C3	[ 62] _mp_map_rehash
0x100048BFD	0x00000018	[ 63] _mp_obj_malloc_helper
0x100048C15	0x00000021	[ 63] _mp_obj_get_type
0x100048C36	0x00000029	[ 63] _mp_obj_get_type_str
0x100048C5F	0x00000096	[ 63] _mp_obj_print_helper
0x100048CF5	0x00000114	[ 63] _mp_obj_print_exception
0x100048E09	0x00000082	[ 63] _mp_obj_is_true
0x100048E8B	0x0000005E	[ 63] _mp_obj_len_maybe
0x100048EE9	0x000001C1	[ 63] _mp_obj_equal_not_equal
0x1000490AA	0x0000001D	[ 63] _mp_obj_equal
0x1000490C7	0x00000029	[ 63] _mp_obj_get_int
0x1000490F0	0x0000006F	[ 63] _mp_obj_get_int_maybe
0x10004915F	0x00000028	[ 63] _mp_obj_get_int_truncated
0x100049187	0x000000A0	[ 63] _mp_obj_get_float_maybe
0x100049227	0x00000042	[ 63] _mp_obj_get_float
0x100049269	0x00000083	[ 63] _mp_obj_get_complex_maybe
0x1000492EC	0x00000039	[ 63] _mp_obj_get_complex
0x100049325	0x00000044	[ 63] _mp_obj_get_array
0x100049369	0x000000B7	[ 63] _mp_get_index
0x100049420	0x00000085	[ 63] _mp_obj_subscr
0x1000494A5	0x00000059	[ 63] _mp_get_buffer
0x1000494FE	0x000000C5	[ 64] _array_append
0x1000495C3	0x00000100	[ 64] _array_extend
0x1000496C3	0x00000148	[ 64] _bytearray_make_new
0x10004980B	0x000000DB	[ 64] _array_print
0x1000498E6	0x0000001E	[ 64] _array_iterator_new
0x100049904	0x0000002F	[ 64] _array_unary_op
0x100049933	0x0000026F	[ 64] _array_binary_op
0x100049BA2	0x000000F8	[ 64] _array_subscr
0x100049C9A	0x0000003C	[ 64] _array_get_buffer
0x100049CD6	0x0000003D	[ 64] _mp_obj_new_bytearray
0x100049D13	0x00000066	[ 64] _array_new
0x100049D79	0x00000033	[ 64] _mp_obj_new_bytearray_by_ref
0x100049DAC	0x00000083	[ 64] _array_extend_impl
0x100049E2F	0x00000032	[ 64] _array_it_iternext
0x100049E61	0x00000040	[ 66] _bool_make_new
0x100049EA1	0x00000020	[ 66] _bool_print
0x100049EC1	0x00000024	[ 66] _bool_unary_op
0x100049EE5	0x0000001B	[ 66] _bool_binary_op
0x100049F00	0x000000E9	[ 67] _mp_call_method_self_n_kw
0x100049FEC	0x0000019A	[ 71] _complex_make_new
0x10004A186	0x000000A0	[ 71] _complex_print
0x10004A226	0x000000DA	[ 71] _complex_unary_op
0x10004A300	0x00000017	[ 71] _complex_binary_op
0x10004A317	0x00000042	[ 71] _complex_attr
0x10004A359	0x0000003D	[ 71] _mp_obj_new_complex
0x10004A396	0x0000002E	[ 71] _mp_obj_complex_get
0x10004A3C4	0x0000033C	[ 71] _mp_obj_complex_binary_op
0x10004A700	0x00000030	[ 73] _mp_obj_is_dict_or_ordereddict
0x10004A730	0x000000B3	[ 73] _mp_obj_dict_make_new
0x10004A7E3	0x000001B2	[ 73] _dict_update
0x10004A995	0x00000033	[ 73] _mp_obj_dict_get
0x10004A9C8	0x00000096	[ 73] _mp_obj_dict_copy
0x10004AA5E	0x000000BA	[ 73] _dict_print
0x10004AB18	0x0000002F	[ 73] _dict_unary_op
0x10004AB47	0x00000149	[ 73] _dict_binary_op
0x10004AC90	0x00000092	[ 73] _dict_subscr
0x10004AD22	0x00000026	[ 73] _dict_getiter
0x10004AD48	0x00000018	[ 73] _mp_obj_dict_init
0x10004AD60	0x00000034	[ 73] _mp_obj_dict_store
0x10004AD94	0x00000056	[ 73] _mp_obj_dict_delete
0x10004ADEA	0x0000008D	[ 73] _dict_get_helper
0x10004AE77	0x0000005D	[ 73] _dict_iter_next
0x10004AED4	0x00000078	[ 73] _dict_view_it_iternext
0x10004AF4C	0x00000021	[ 73] _dict_clear
0x10004AF6D	0x0000009F	[ 73] _dict_fromkeys
0x10004B00C	0x0000000C	[ 73] _dict_get
0x10004B018	0x0000002C	[ 73] _dict_items
0x10004B044	0x000000C5	[ 73] _dict_view_print
0x10004B109	0x0000004C	[ 73] _dict_view_unary_op
0x10004B155	0x00000037	[ 73] _dict_view_binary_op
0x10004B18C	0x00000029	[ 73] _dict_view_getiter
0x10004B1B5	0x0000002C	[ 73] _dict_keys
0x10004B1E1	0x0000000F	[ 73] _dict_pop
0x10004B1F0	0x000000A0	[ 73] _dict_popitem
0x10004B290	0x0000000F	[ 73] _dict_setdefault
0x10004B29F	0x0000002C	[ 73] _dict_values
0x10004B2CB	0x00000044	[ 75] _mp_obj_is_native_exception_instance
0x10004B30F	0x000000AE	[ 75] _mp_obj_exception_make_new
0x10004B3BD	0x000000E0	[ 75] _mp_obj_exception_print
0x10004B49D	0x00000021	[ 75] _mp_obj_exception_get_value
0x10004B4BE	0x00000039	[ 75] _get_native_exception
0x10004B4F7	0x0000006D	[ 75] _mp_obj_exception_attr
[...]
<<dead>>	0x00000013	[ 78] literal string: fun_builtin_0_call
<<dead>>	0x00000030	[ 78] literal string: mp_obj_is_type(self_in, &mp_type_fun_builtin_0)
<<dead>>	0x00000016	[ 78] literal string: <function %q at 0x%p>
<<dead>>	0x0000000C	[ 78] literal string: fun_bc_call
<<dead>>	0x00000029	[ 78] literal string: vm_return_kind == MP_VM_RETURN_EXCEPTION
<<dead>>	0x0000000D	[ 78] literal string: fun_asm_call
<<dead>>	0x0000000C	[ 78] literal string: n_args == 4
<<dead>>	0x000000CA	[ 79] _gen_wrap_call
<<dead>>	0x000000CC	[ 79] _native_gen_wrap_call
<<dead>>	0x0000016B	[ 79] _mp_obj_gen_resume
<<dead>>	0x00000031	[ 79] _gen_instance_print
<<dead>>	0x00000013	[ 79] _gen_instance_iternext
<<dead>>	0x00000059	[ 79] _gen_resume_and_raise
<<dead>>	0x0000006B	[ 79] _gen_instance_close
<<dead>>	0x00000011	[ 79] _gen_instance_send
<<dead>>	0x0000002D	[ 79] _gen_instance_throw
<<dead>>	0x0000001E	[ 79] _gen_instance_pend_throw
<<dead>>	0x00000020	[ 79] _mp_const_GeneratorExit_obj
<<dead>>	0x00000020	[ 79] _mp_type_gen_wrap
<<dead>>	0x00000020	[ 79] _mp_type_native_gen_wrap
<<dead>>	0x00000030	[ 79] _mp_type_gen_instance
<<dead>>	0x00000040	[ 79] _gen_instance_locals_dict_table
<<dead>>	0x00000020	[ 79] _gen_instance_locals_dict
<<dead>>	0x00000010	[ 79] _gen_instance_close_obj
<<dead>>	0x00000010	[ 79] _gen_instance_send_obj
<<dead>>	0x00000018	[ 79] _gen_instance_throw_obj
<<dead>>	0x00000010	[ 79] _gen_instance_pend_throw_obj
<<dead>>	0x0000001C	[ 79] literal string: generator already executing
<<dead>>	0x00000036	[ 79] literal string: can't send non-None value to a just-started generator
<<dead>>	0x0000001F	[ 79] literal string: generator raised StopIteration
<<dead>>	0x0000001E	[ 79] literal string: <generator object '%q' at %p>
<<dead>>	0x00000020	[ 79] literal string: generator ignored GeneratorExit
<<dead>>	0x00000046	[ 83] _mp_obj_int_get_uint_checked
<<dead>>	0x0000002C	[ 83] literal string: mp_obj_is_exact_type(self_in, &mp_type_int)
<<dead>>	0x0000000F	[ 83] literal string: divide by zero
<<dead>>	0x00000015	[ 83] literal string: negative shift count
<<dead>>	0x0000000A	[ 84] _mp_obj_list_set_len
<<dead>>	0x0000002B	[ 84] _mp_obj_list_store
<<dead>>	0x00000003	[ 84] literal string: , 
<<dead>>	0x00000002	[ 84] literal string: ]
<<dead>>	0x00000080	[ 85] _map_make_new
<<dead>>	0x00000077	[ 85] _map_iternext
<<dead>>	0x00000028	[ 85] _mp_type_map
<<dead>>	0x0000007D	[ 86] _mp_obj_new_module
<<dead>>	0x00000094	[ 86] _mp_module_get_builtin
<<dead>>	0x00000046	[ 86] _mp_module_generic_attr
<<dead>>	0x00000040	[ 86] _mp_builtin_module_table
<<dead>>	0x00000020	[ 86] _mp_builtin_module_map
<<dead>>	0x00000010	[ 86] _mp_builtin_extensible_module_table
<<dead>>	0x00000018	[ 86] _mp_builtin_extensible_module_map
<<dead>>	0x00000001	[ 86] literal string: 
<<dead>>	0x00000005	[ 90] literal string: None
<<dead>>	0x0000009A	[ 92] _range_make_new
<<dead>>	0x00000051	[ 92] _range_attr
<<dead>>	0x00000055	[ 92] _range_print
<<dead>>	0x00000054	[ 92] _range_unary_op
<<dead>>	0x000000D6	[ 92] _range_subscr
<<dead>>	0x00000023	[ 92] _range_getiter
<<dead>>	0x00000037	[ 92] _range_it_iternext
<<dead>>	0x00000048	[ 92] _mp_type_range
<<dead>>	0x00000020	[ 92] _mp_type_range_it
<<dead>>	0x0000000A	[ 92] literal string: zero step
<<dead>>	0x0000000F	[ 92] literal string: range(%ld, %ld
<<dead>>	0x00000002	[ 92] literal string: )
<<dead>>	0x00000007	[ 92] literal string: , %ld)
<<dead>>	0x000000A8	[ 93] _reversed_make_new
<<dead>>	0x00000030	[ 93] _reversed_iternext
<<dead>>	0x00000028	[ 93] _mp_type_reversed
<<dead>>	0x00000093	[ 95] _set_make_new
<<dead>>	0x000000AC	[ 95] _set_print
<<dead>>	0x0000002F	[ 95] _set_unary_op
<<dead>>	0x00000286	[ 95] _set_binary_op
<<dead>>	0x0000002A	[ 95] _set_getiter
<<dead>>	0x0000006D	[ 95] _mp_obj_new_set
<<dead>>	0x00000013	[ 95] _mp_obj_set_store
<<dead>>	0x00000025	[ 95] _set_union
<<dead>>	0x00000025	[ 95] _set_symmetric_difference
<<dead>>	0x0000000C	[ 95] _set_intersect
<<dead>>	0x0000000C	[ 95] _set_diff
<<dead>>	0x00000040	[ 95] _set_update
<<dead>>	0x0000004F	[ 95] _set_symmetric_difference_update
<<dead>>	0x000000F8	[ 95] _set_intersect_int
<<dead>>	0x00000091	[ 95] _set_diff_int
<<dead>>	0x00000032	[ 95] _set_equal
<<dead>>	0x0000000C	[ 95] _set_issubset
<<dead>>	0x00000015	[ 95] _set_issuperset
<<dead>>	0x0000004C	[ 95] _set_copy
<<dead>>	0x0000004A	[ 95] _set_update_int
<<dead>>	0x00000019	[ 95] _set_add
<<dead>>	0x00000014	[ 95] _set_clear
<<dead>>	0x0000013F	[ 95] _set_issubset_internal
<<dead>>	0x00000046	[ 95] _set_it_iternext
<<dead>>	0x00000019	[ 95] _set_discard
<<dead>>	0x00000015	[ 95] _set_diff_update
<<dead>>	0x0000000F	[ 95] _set_intersect_update
<<dead>>	0x00000058	[ 95] _set_isdisjoint
<<dead>>	0x00000027	[ 95] _set_pop
<<dead>>	0x00000037	[ 95] _set_remove
<<dead>>	0x00000023	[ 95] _set_equal.cold.1
<<dead>>	0x00000050	[ 95] _mp_type_set
<<dead>>	0x00000120	[ 95] _set_locals_dict_table
<<dead>>	0x00000020	[ 95] _set_locals_dict
<<dead>>	0x00000010	[ 95] _set_add_obj
<<dead>>	0x00000010	[ 95] _set_clear_obj
<<dead>>	0x00000010	[ 95] _set_copy_obj
<<dead>>	0x00000010	[ 95] _set_discard_obj
<<dead>>	0x00000018	[ 95] _set_diff_obj
<<dead>>	0x00000018	[ 95] _set_diff_update_obj
<<dead>>	0x00000010	[ 95] _set_intersect_obj
<<dead>>	0x00000010	[ 95] _set_intersect_update_obj
<<dead>>	0x00000010	[ 95] _set_isdisjoint_obj
<<dead>>	0x00000010	[ 95] _set_issubset_obj
<<dead>>	0x00000010	[ 95] _set_issuperset_obj
<<dead>>	0x00000010	[ 95] _set_pop_obj
<<dead>>	0x00000010	[ 95] _set_remove_obj
<<dead>>	0x00000010	[ 95] _set_symmetric_difference_obj
<<dead>>	0x00000010	[ 95] _set_symmetric_difference_update_obj
<<dead>>	0x00000010	[ 95] _set_union_obj
<<dead>>	0x00000018	[ 95] _set_update_obj
<<dead>>	0x00000006	[ 95] literal string: set()
<<dead>>	0x00000002	[ 95] literal string: {
<<dead>>	0x00000003	[ 95] literal string: , 
<<dead>>	0x00000002	[ 95] literal string: }
<<dead>>	0x0000000A	[ 95] literal string: set_equal
<<dead>>	0x00000009	[ 95] literal string: objset.c
<<dead>>	0x0000001E	[ 95] literal string: is_set_or_frozenset(other_in)
<<dead>>	0x00000016	[ 95] literal string: pop from an empty set
<<dead>>	0x0000003B	[ 97] _mp_obj_new_slice
<<dead>>	0x00000003	[ 97] literal string: , 
<<dead>>	0x00000002	[ 97] literal string: )
<<dead>>	0x00000027	[ 98] _mp_obj_str_set_data
<<dead>>	0x0000001F	[ 98] _mp_obj_new_str_from_cstr
<<dead>>	0x00000048	[ 98] _mp_obj_str_intern
<<dead>>	0x0000002C	[ 98] _mp_obj_str_intern_checked
<<dead>>	0x00000003	[ 98] literal string: %c
<<dead>>	0x00000001	[ 98] literal string: 
<<dead>>	0x00000024	[ 98] literal string: string argument without an encoding
<<dead>>	0x00000002	[ 98] literal string: b
<<dead>>	0x00000031	[ 98] literal string: only slices with step=1 (aka None) are supported
<<dead>>	0x00000003	[ 99] literal string: %c
<<dead>>	0x00000004	[ 99] literal string: \%c
<<dead>>	0x00000003	[ 99] literal string: \\
<<dead>>	0x00000003	[ 99] literal string: \n
<<dead>>	0x00000003	[ 99] literal string: \r
<<dead>>	0x00000003	[ 99] literal string: \t
<<dead>>	0x00000007	[ 99] literal string: \x%02x
<<dead>>	0x00000031	[ 99] literal string: only slices with step=1 (aka None) are supported
<<dead>>	0x0000001F	[101] _mp_obj_tuple_del
<<dead>>	0x00000023	[101] _mp_obj_tuple_del.cold.1
<<dead>>	0x00000003	[101] literal string: , 
<<dead>>	0x00000002	[101] literal string: (
<<dead>>	0x00000002	[101] literal string: )
<<dead>>	0x00000031	[101] literal string: only slices with step=1 (aka None) are supported
<<dead>>	0x00000011	[101] literal string: mp_obj_tuple_del
<<dead>>	0x00000028	[101] literal string: mp_obj_is_type(self_in, &mp_type_tuple)
<<dead>>	0x0000006E	[102] _mp_obj_instance_is_callable
<<dead>>	0x00000067	[102] _super_make_new
<<dead>>	0x00000057	[102] _super_print
<<dead>>	0x00000173	[102] _super_attr
<<dead>>	0x0000002F	[102] _mp_load_super_method
<<dead>>	0x00000026	[102] _mp_builtin_issubclass
<<dead>>	0x0000001F	[102] _mp_builtin_isinstance
<<dead>>	0x000000BF	[102] _mp_obj_is_subclass
<<dead>>	0x00000023	[102] _super_attr.cold.1
<<dead>>	0x00000023	[102] _super_attr.cold.2
<<dead>>	0x00000023	[102] _super_attr.cold.3
<<dead>>	0x0000001B	[102] literal string: '%s' object isn't callable
<<dead>>	0x00000039	[102] literal string: issubclass() arg 2 must be a class or a tuple of classes
<<dead>>	0x00000009	[102] literal string: <super: 
<<dead>>	0x00000003	[102] literal string: , 
<<dead>>	0x00000002	[102] literal string: >
<<dead>>	0x0000000B	[102] literal string: super_attr
<<dead>>	0x00000028	[102] literal string: mp_obj_is_type(self_in, &mp_type_super)
<<dead>>	0x0000002A	[102] literal string: mp_obj_is_type(self->type, &mp_type_type)
<<dead>>	0x00000028	[102] literal string: mp_obj_is_type(items[i], &mp_type_type)
<<dead>>	0x00000023	[102] literal string: issubclass() arg 1 must be a class
<<dead>>	0x00000030	[102] _mp_type_super
<<dead>>	0x00000010	[102] _mp_builtin_issubclass_obj
<<dead>>	0x00000010	[102] _mp_builtin_isinstance_obj
<<dead>>	0x00000067	[103] _zip_make_new
<<dead>>	0x00000061	[103] _zip_iternext
<<dead>>	0x00000028	[103] _mp_type_zip
<<dead>>	0x0000002C	[104] _op_contains
<<dead>>	0x00000010	[104] _mp_op_contains_obj
<<dead>>	0x0000008E	[106] _mp_stream_rw
<<dead>>	0x0000003A	[106] _mp_stream_seek
<<dead>>	0x0000005A	[106] _mp_get_stream_raise
<<dead>>	0x0000000C	[106] _stream_read
<<dead>>	0x0000000F	[106] _stream_read1
<<dead>>	0x0000002F	[106] _mp_stream_write
<<dead>>	0x0000000F	[106] _mp_stream_write_adaptor
<<dead>>	0x0000000F	[106] _stream_write_method
<<dead>>	0x0000000F	[106] _stream_write1_method
<<dead>>	0x0000000C	[106] _stream_readinto
<<dead>>	0x0000000F	[106] _stream_readinto1
<<dead>>	0x00000072	[106] _stream_unbuffered_readlines
<<dead>>	0x0000003B	[106] _mp_stream_close
<<dead>>	0x00000013	[106] _mp_stream___exit__
<<dead>>	0x00000099	[106] _stream_seek
<<dead>>	0x00000052	[106] _stream_tell
<<dead>>	0x0000003B	[106] _stream_flush
<<dead>>	0x00000094	[106] _stream_ioctl
<<dead>>	0x0000023D	[106] _stream_read_generic
<<dead>>	0x000000A8	[106] _stream_readinto_write_generic
<<dead>>	0x0000001F	[106] literal string: stream operation not supported
<<dead>>	0x00000018	[106] _mp_stream_read_obj
<<dead>>	0x00000018	[106] _mp_stream_read1_obj
<<dead>>	0x00000018	[106] _mp_stream_write_obj
<<dead>>	0x00000018	[106] _mp_stream_write1_obj
<<dead>>	0x00000018	[106] _mp_stream_readinto_obj
<<dead>>	0x00000018	[106] _mp_stream_readinto1_obj
<<dead>>	0x00000018	[106] _mp_stream_unbuffered_readline_obj
<<dead>>	0x00000010	[106] _mp_stream_unbuffered_readlines_obj
<<dead>>	0x00000010	[106] _mp_stream_close_obj
<<dead>>	0x00000018	[106] _mp_stream___exit___obj
<<dead>>	0x00000018	[106] _mp_stream_seek_obj
<<dead>>	0x00000010	[106] _mp_stream_tell_obj
<<dead>>	0x00000010	[106] _mp_stream_flush_obj
<<dead>>	0x00000018	[106] _mp_stream_ioctl_obj
<<dead>>	0x00000058	[107] _mp_binary_get_int
<<dead>>	0x00000122	[107] _mp_binary_get_val
<<dead>>	0x00000112	[107] _mp_binary_set_val
<<dead>>	0x000003AF	[108] _mp_builtin___import___default
<<dead>>	0x00000172	[108] _evaluate_relative_import
<<dead>>	0x00000054	[108] _stat_module
<<dead>>	0x00000026	[108] _unregister_module_from_nlr_jump_callback
<<dead>>	0x0000003B	[108] _do_load
<<dead>>	0x00000023	[108] _evaluate_relative_import.cold.1
<<dead>>	0x00000018	[108] _mp_builtin___import___obj
<<dead>>	0x00000019	[108] literal string: evaluate_relative_import
<<dead>>	0x00000010	[108] literal string: builtinimport.c
<<dead>>	0x00000027	[108] literal string: current_module_name_obj != MP_OBJ_NULL
<<dead>>	0x0000001E	[108] literal string: can't perform relative import
<<dead>>	0x00000015	[108] literal string: no module named '%q'
<<dead>>	0x0000000D	[108] literal string: /__init__.py
<<dead>>	0x00000004	[108] literal string: .py
<<dead>>	0x0000000F	[109] _mp_builtin_eval
<<dead>>	0x0000000F	[109] _mp_builtin_exec
<<dead>>	0x000000BE	[109] _eval_exec_helper
<<dead>>	0x00000018	[109] _mp_builtin_eval_obj
<<dead>>	0x00000018	[109] _mp_builtin_exec_obj
<<dead>>	0x000000E2	[112] _mp_builtin___build_class__
<<dead>>	0x00000012	[112] _mp_builtin_abs
<<dead>>	0x00000041	[112] _mp_builtin_all
<<dead>>	0x00000041	[112] _mp_builtin_any
<<dead>>	0x0000004C	[112] _mp_builtin_bin
<<dead>>	0x00000015	[112] _mp_builtin_callable
<<dead>>	0x0000005C	[112] _mp_builtin_chr
<<dead>>	0x0000010D	[112] _mp_builtin_dir
<<dead>>	0x00000015	[112] _mp_builtin_divmod
<<dead>>	0x00000012	[112] _mp_builtin_hash
<<dead>>	0x00000017	[112] _mp_builtin_hex
<<dead>>	0x0000000C	[112] _mp_builtin_iter
<<dead>>	0x0000000F	[112] _mp_builtin_max
<<dead>>	0x0000000C	[112] _mp_builtin_min
<<dead>>	0x00000017	[112] _mp_builtin_oct
<<dead>>	0x00000093	[112] _mp_builtin_ord
<<dead>>	0x0000002A	[112] _mp_builtin_pow
<<dead>>	0x000000CA	[112] _mp_builtin_print
<<dead>>	0x0000003E	[112] _mp_builtin___repl_print__
<<dead>>	0x0000004B	[112] _mp_builtin_repr
<<dead>>	0x0000009E	[112] _mp_builtin_round
<<dead>>	0x0000005A	[112] _mp_builtin_sum
<<dead>>	0x00000059	[112] _mp_builtin_sorted
<<dead>>	0x00000090	[112] _mp_builtin_getattr
<<dead>>	0x0000002D	[112] _mp_builtin_setattr
<<dead>>	0x0000002A	[112] _mp_builtin_delattr
<<dead>>	0x00000068	[112] _mp_builtin_hasattr
<<dead>>	0x00000011	[112] _mp_builtin_globals
<<dead>>	0x00000011	[112] _mp_builtin_locals
<<dead>>	0x00000148	[112] _mp_builtin_min_max
<<dead>>	0x00000021	[112] _mp_builtin___build_class__.cold.1
<<dead>>	0x00000023	[112] _mp_builtin_dir.cold.1
<<dead>>	0x00000018	[112] _mp_builtin___build_class___obj
<<dead>>	0x00000010	[112] _mp_builtin_abs_obj
<<dead>>	0x00000010	[112] _mp_builtin_all_obj
<<dead>>	0x00000010	[112] _mp_builtin_any_obj
<<dead>>	0x00000010	[112] _mp_builtin_bin_obj
<<dead>>	0x00000010	[112] _mp_builtin_callable_obj
<<dead>>	0x00000010	[112] _mp_builtin_chr_obj
<<dead>>	0x00000018	[112] _mp_builtin_dir_obj
<<dead>>	0x00000010	[112] _mp_builtin_divmod_obj
<<dead>>	0x00000010	[112] _mp_builtin_hash_obj
<<dead>>	0x00000010	[112] _mp_builtin_hex_obj
<<dead>>	0x00000010	[112] _mp_builtin_iter_obj
<<dead>>	0x00000018	[112] _mp_builtin_max_obj
<<dead>>	0x00000018	[112] _mp_builtin_min_obj
<<dead>>	0x00000010	[112] _mp_builtin_oct_obj
<<dead>>	0x00000010	[112] _mp_builtin_ord_obj
<<dead>>	0x00000018	[112] _mp_builtin_pow_obj
<<dead>>	0x00000018	[112] _mp_builtin_print_obj
<<dead>>	0x00000010	[112] _mp_builtin___repl_print___obj
<<dead>>	0x00000010	[112] _mp_builtin_repr_obj
<<dead>>	0x00000018	[112] _mp_builtin_round_obj
<<dead>>	0x00000018	[112] _mp_builtin_sum_obj
<<dead>>	0x00000018	[112] _mp_builtin_sorted_obj
<<dead>>	0x00000018	[112] _mp_builtin_getattr_obj
<<dead>>	0x00000010	[112] _mp_builtin_setattr_obj
<<dead>>	0x00000010	[112] _mp_builtin_delattr_obj
<<dead>>	0x00000010	[112] _mp_builtin_hasattr_obj
<<dead>>	0x00000010	[112] _mp_builtin_globals_obj
<<dead>>	0x00000010	[112] _mp_builtin_locals_obj
<<dead>>	0x00000010	[112] _mp_builtin_id_obj
<<dead>>	0x00000010	[112] _mp_builtin_len_obj
<<dead>>	0x000005B0	[112] _mp_module_builtins_globals_table
<<dead>>	0x00000020	[112] _mp_module_builtins_globals
<<dead>>	0x00000010	[112] _mp_module_builtins
<<dead>>	0x0000001B	[112] literal string: mp_builtin___build_class__
<<dead>>	0x0000000E	[112] literal string: modbuiltins.c
<<dead>>	0x0000000C	[112] literal string: 2 <= n_args
<<dead>>	0x00000021	[112] literal string: chr() arg not in range(0x110000)
<<dead>>	0x00000016	[112] literal string: mp_map_slot_is_filled
<<dead>>	0x00000006	[112] literal string: obj.h
<<dead>>	0x00000011	[112] literal string: pos < map->alloc
<<dead>>	0x00000019	[112] literal string: arg is an empty sequence
<<dead>>	0x0000003A	[112] literal string: ord() expected a character, but string of length %d found
<<dead>>	0x0000001A	[112] literal string: 3-arg pow() not supported
<<dead>>	0x00000002	[112] literal string: \n
<<dead>>	0x0000002B	[112] literal string: must use keyword argument for key function
<<dead>>	0x00000020	[112] _mp_builtin_print.allowed_args
<<dead>>	0x00000008	[116] 8-byte-literal
<<dead>>	0x00000010	[116] 16-byte-literal
<<dead>>	0x00000010	[116] 16-byte-literal
<<dead>>	0x0000000F	[116] literal string: divide by zero
<<dead>>	0x0000003D	[118] _mp_micropython_opt_level
<<dead>>	0x00000010	[118] _mp_micropython_heap_lock
<<dead>>	0x0000001E	[118] _mp_micropython_heap_unlock
<<dead>>	0x00000010	[118] _mp_module_micropython
<<dead>>	0x00000050	[118] _mp_module_micropython_globals_table
<<dead>>	0x00000020	[118] _mp_module_micropython_globals
<<dead>>	0x00000018	[118] _mp_micropython_opt_level_obj
<<dead>>	0x00000010	[118] _mp_micropython_heap_lock_obj
<<dead>>	0x00000010	[118] _mp_micropython_heap_unlock_obj
<<dead>>	0x0000002C	[119] _struct_calcsize
<<dead>>	0x000001D9	[119] _struct_unpack_from
<<dead>>	0x00000085	[119] _struct_pack
<<dead>>	0x000000B3	[119] _struct_pack_into
<<dead>>	0x00000103	[119] _calc_size_items
<<dead>>	0x0000004B	[119] _get_fmt_num
<<dead>>	0x0000015B	[119] _struct_pack_into_internal
<<dead>>	0x00000010	[119] _struct_calcsize_obj
<<dead>>	0x00000018	[119] _struct_unpack_from_obj
<<dead>>	0x00000018	[119] _struct_pack_obj
<<dead>>	0x00000018	[119] _struct_pack_into_obj
<<dead>>	0x00000018	[119] _mp_module_struct
<<dead>>	0x00000060	[119] _mp_module_struct_globals_table
<<dead>>	0x00000020	[119] _mp_module_struct_globals
<<dead>>	0x00000011	[119] literal string: buffer too small
<<dead>>	0x00001B20	[123] _mp_execute_bytecode
<<dead>>	0x00000060	[123] _build_slice_stack_allocated
<<dead>>	0x00000030	[123] _mp_execute_bytecode.cold.1
<<dead>>	0x00000030	[123] _mp_execute_bytecode.cold.2
<<dead>>	0x00000030	[123] _mp_execute_bytecode.cold.3
<<dead>>	0x00000030	[123] _mp_execute_bytecode.cold.4
<<dead>>	0x00000030	[123] _mp_execute_bytecode.cold.5
<<dead>>	0x00000030	[123] _mp_execute_bytecode.cold.6
<<dead>>	0x00000030	[123] _mp_execute_bytecode.cold.7
<<dead>>	0x00000030	[123] _mp_execute_bytecode.cold.8
<<dead>>	0x00000030	[123] _mp_execute_bytecode.cold.9
<<dead>>	0x00000030	[123] _mp_execute_bytecode.cold.10
<<dead>>	0x00000030	[123] _mp_execute_bytecode.cold.11
<<dead>>	0x00000023	[123] _mp_execute_bytecode.cold.12
<<dead>>	0x0000002C	[123] literal string: local variable referenced before assignment
<<dead>>	0x00000014	[123] literal string: mp_execute_bytecode
<<dead>>	0x00000005	[123] literal string: vm.c
<<dead>>	0x00000024	[123] literal string: mp_obj_is_exception_instance(TOP())
<<dead>>	0x00000014	[123] literal string: exc_sp >= exc_stack
<<dead>>	0x00000029	[123] literal string: &sp[-1] == MP_TAGPTR_PTR(exc_sp->val_sp)
<<dead>>	0x00000040	[123] literal string: sp[-1] == mp_const_none || mp_obj_is_exception_instance(sp[-1])
<<dead>>	0x00000018	[123] literal string: exc_sp == exc_stack - 1
<<dead>>	0x0000001F	[123] literal string: no active exception to reraise
<<dead>>	0x00000021	[123] literal string: exception chaining not supported
<<dead>>	0x00000023	[123] literal string: ret_kind == MP_VM_RETURN_EXCEPTION
<<dead>>	0x0000004C	[123] literal string: !mp_obj_exception_match(ret_value, MP_OBJ_FROM_PTR(&mp_type_StopIteration))
<<dead>>	0x00000007	[123] literal string: opcode
<<dead>>	0x00000027	[124] _mp_decode_uint
<<dead>>	0x00000021	[124] _mp_decode_uint_value
<<dead>>	0x00000012	[124] _mp_decode_uint_skip
<<dead>>	0x0000001D	[124] _mp_setup_code_state
<<dead>>	0x000005EC	[124] _mp_setup_code_state_helper
<<dead>>	0x00000036	[124] _mp_setup_code_state_native
<<dead>>	0x00000030	[124] _fun_pos_args_mismatch
<<dead>>	0x0000002F	[124] literal string: function got multiple values for argument '%q'
<<dead>>	0x00000021	[124] literal string: unexpected keyword argument '%q'
<<dead>>	0x00000032	[124] literal string: function missing required positional argument #%d
<<dead>>	0x00000030	[124] literal string: function missing required keyword argument '%q'
<<dead>>	0x00000027	[124] literal string: function missing keyword-only argument
<<dead>>	0x00000035	[124] literal string: %q() takes %d positional arguments but %d were given
<<dead>>	0x00000008	[129] _mp_import_stat
